[INFO] Scanning for projects...
[INFO] 
[INFO] ---------------------< com.acme.modres:modresorts >---------------------
[INFO] Building ModResorts 2.0.0
[INFO] --------------------------------[ war ]---------------------------------
[INFO] 
[INFO] --- maven-clean-plugin:2.5:clean (default-clean) @ modresorts ---
[INFO] Deleting /modernize-data/studio-data/TNT1001/APP370681/transformed-code/22/studio-workspace/Backendservice01/target
[INFO] 
[INFO] --- jacoco-maven-plugin:0.8.11:prepare-agent (default) @ modresorts ---
[INFO] argLine set to -javaagent:/app/.m2/repository/org/jacoco/org.jacoco.agent/0.8.11/org.jacoco.agent-0.8.11-runtime.jar=destfile=/modernize-data/studio-data/TNT1001/APP370681/transformed-code/22/studio-workspace/Backendservice01/target/jacoco.exec
[INFO] 
[INFO] --- maven-resources-plugin:3.3.1:resources (default-resources) @ modresorts ---
[INFO] Copying 2 resources from src/main/resources to target/classes
[INFO] 
[INFO] --- maven-compiler-plugin:3.11.0:compile (default-compile) @ modresorts ---
[INFO] Changes detected - recompiling the module! :source
[INFO] Compiling 26 source files with javac [debug release 17] to target/classes
[INFO] 
[INFO] --- maven-resources-plugin:3.3.1:testResources (default-testResources) @ modresorts ---
[INFO] skip non existing resourceDirectory /modernize-data/studio-data/TNT1001/APP370681/transformed-code/22/studio-workspace/Backendservice01/src/test/resources
[INFO] 
[INFO] --- maven-compiler-plugin:3.11.0:testCompile (default-testCompile) @ modresorts ---
[INFO] Changes detected - recompiling the module! :dependency
[INFO] Compiling 26 source files with javac [debug release 17] to target/test-classes
[INFO] 
[INFO] --- maven-surefire-plugin:3.2.2:test (default-test) @ modresorts ---
[INFO] Using auto detected provider org.apache.maven.surefire.junitplatform.JUnitPlatformProvider
[INFO] 
[INFO] -------------------------------------------------------
[INFO]  T E S T S
[INFO] -------------------------------------------------------
[INFO] Running com.acme.modres.DefaultWeatherDataTest
Jul 20, 2026 7:42:44 AM com.acme.modres.DefaultWeatherData <init>
SEVERE: fail initializing DefaultWeatherData because the given city  is not supported
Jul 20, 2026 7:42:44 AM com.acme.modres.DefaultWeatherData <init>
SEVERE: fail initializing DefaultWeatherData because the given city InvalidCity is not supported
Jul 20, 2026 7:42:44 AM com.acme.modres.DefaultWeatherData <init>
SEVERE: fail initializing DefaultWeatherData because the given city value is null
[ERROR] Tests run: 13, Failures: 0, Errors: 7, Skipped: 0, Time elapsed: 0.123 s <<< FAILURE! -- in com.acme.modres.DefaultWeatherDataTest
[ERROR] com.acme.modres.DefaultWeatherDataTest.testGetDefaultWeatherData_returnsNonEmptyString -- Time elapsed: 0.043 s <<< ERROR!
java.io.IOException: Resource not found: data/paris.json
	at com.acme.modres.DefaultWeatherData.getDefaultWeatherData(DefaultWeatherData.java:70)
	at com.acme.modres.DefaultWeatherDataTest.testGetDefaultWeatherData_returnsNonEmptyString(DefaultWeatherDataTest.java:99)
	at java.base/java.lang.reflect.Method.invoke(Method.java:569)
	at java.base/java.util.ArrayList.forEach(ArrayList.java:1511)
	at java.base/java.util.ArrayList.forEach(ArrayList.java:1511)

[ERROR] com.acme.modres.DefaultWeatherDataTest.testGetDefaultWeatherData_forCork -- Time elapsed: 0.001 s <<< ERROR!
java.io.IOException: Resource not found: data/cork.json
	at com.acme.modres.DefaultWeatherData.getDefaultWeatherData(DefaultWeatherData.java:70)
	at com.acme.modres.DefaultWeatherDataTest.testGetDefaultWeatherData_forCork(DefaultWeatherDataTest.java:68)
	at java.base/java.lang.reflect.Method.invoke(Method.java:569)
	at java.base/java.util.ArrayList.forEach(ArrayList.java:1511)
	at java.base/java.util.ArrayList.forEach(ArrayList.java:1511)

[ERROR] com.acme.modres.DefaultWeatherDataTest.testGetDefaultWeatherData_forBarcelona -- Time elapsed: 0.002 s <<< ERROR!
java.io.IOException: Resource not found: data/barcelona.json
	at com.acme.modres.DefaultWeatherData.getDefaultWeatherData(DefaultWeatherData.java:70)
	at com.acme.modres.DefaultWeatherDataTest.testGetDefaultWeatherData_forBarcelona(DefaultWeatherDataTest.java:75)
	at java.base/java.lang.reflect.Method.invoke(Method.java:569)
	at java.base/java.util.ArrayList.forEach(ArrayList.java:1511)
	at java.base/java.util.ArrayList.forEach(ArrayList.java:1511)

[ERROR] com.acme.modres.DefaultWeatherDataTest.testGetDefaultWeatherData_forSanFrancisco -- Time elapsed: 0.001 s <<< ERROR!
java.io.IOException: Resource not found: data/sanfran.json
	at com.acme.modres.DefaultWeatherData.getDefaultWeatherData(DefaultWeatherData.java:70)
	at com.acme.modres.DefaultWeatherDataTest.testGetDefaultWeatherData_forSanFrancisco(DefaultWeatherDataTest.java:54)
	at java.base/java.lang.reflect.Method.invoke(Method.java:569)
	at java.base/java.util.ArrayList.forEach(ArrayList.java:1511)
	at java.base/java.util.ArrayList.forEach(ArrayList.java:1511)

[ERROR] com.acme.modres.DefaultWeatherDataTest.testGetDefaultWeatherData_forMiami -- Time elapsed: 0.001 s <<< ERROR!
java.io.IOException: Resource not found: data/miami.json
	at com.acme.modres.DefaultWeatherData.getDefaultWeatherData(DefaultWeatherData.java:70)
	at com.acme.modres.DefaultWeatherDataTest.testGetDefaultWeatherData_forMiami(DefaultWeatherDataTest.java:61)
	at java.base/java.lang.reflect.Method.invoke(Method.java:569)
	at java.base/java.util.ArrayList.forEach(ArrayList.java:1511)
	at java.base/java.util.ArrayList.forEach(ArrayList.java:1511)

[ERROR] com.acme.modres.DefaultWeatherDataTest.testGetDefaultWeatherData_forParis -- Time elapsed: 0 s <<< ERROR!
java.io.IOException: Resource not found: data/paris.json
	at com.acme.modres.DefaultWeatherData.getDefaultWeatherData(DefaultWeatherData.java:70)
	at com.acme.modres.DefaultWeatherDataTest.testGetDefaultWeatherData_forParis(DefaultWeatherDataTest.java:40)
	at java.base/java.lang.reflect.Method.invoke(Method.java:569)
	at java.base/java.util.ArrayList.forEach(ArrayList.java:1511)
	at java.base/java.util.ArrayList.forEach(ArrayList.java:1511)

[ERROR] com.acme.modres.DefaultWeatherDataTest.testGetDefaultWeatherData_forLasVegas -- Time elapsed: 0 s <<< ERROR!
java.io.IOException: Resource not found: data/nv.json
	at com.acme.modres.DefaultWeatherData.getDefaultWeatherData(DefaultWeatherData.java:70)
	at com.acme.modres.DefaultWeatherDataTest.testGetDefaultWeatherData_forLasVegas(DefaultWeatherDataTest.java:47)
	at java.base/java.lang.reflect.Method.invoke(Method.java:569)
	at java.base/java.util.ArrayList.forEach(ArrayList.java:1511)
	at java.base/java.util.ArrayList.forEach(ArrayList.java:1511)

[INFO] Running com.acme.modres.SecondFilterTest
OpenJDK 64-Bit Server VM warning: Sharing is only supported for boot loader classes because bootstrap classpath has been appended
[INFO] Tests run: 10, Failures: 0, Errors: 0, Skipped: 0, Time elapsed: 1.531 s -- in com.acme.modres.SecondFilterTest
[INFO] Running com.acme.modres.mbean.OpMetadataListTest
[INFO] Tests run: 12, Failures: 0, Errors: 0, Skipped: 0, Time elapsed: 0.015 s -- in com.acme.modres.mbean.OpMetadataListTest
[INFO] Running com.acme.modres.mbean.AppInfoTest
[ERROR] Tests run: 15, Failures: 0, Errors: 15, Skipped: 0, Time elapsed: 0.192 s <<< FAILURE! -- in com.acme.modres.mbean.AppInfoTest
[ERROR] com.acme.modres.mbean.AppInfoTest.testGetAttributes_returnsNull -- Time elapsed: 0.144 s <<< ERROR!
java.lang.IllegalArgumentException: Argument impact can only be one of ACTION, ACTION_INFO, INFO, or UNKNOWN given value is :10
	at java.management/javax.management.MBeanOperationInfo.<init>(MBeanOperationInfo.java:164)
	at com.acme.modres.mbean.DMBeanUtils.getOps(DMBeanUtils.java:28)
	at com.acme.modres.mbean.AppInfo.buildDMBeanInfo(AppInfo.java:32)
	at com.acme.modres.mbean.AppInfo.<init>(AppInfo.java:21)
	at com.acme.modres.mbean.AppInfoTest.setUp(AppInfoTest.java:21)
	at java.base/java.lang.reflect.Method.invoke(Method.java:569)
	at java.base/java.util.ArrayList.forEach(ArrayList.java:1511)
	at java.base/java.util.ArrayList.forEach(ArrayList.java:1511)

[ERROR] com.acme.modres.mbean.AppInfoTest.testInvoke_resetMaxLimit_returnsMessage -- Time elapsed: 0.004 s <<< ERROR!
java.lang.IllegalArgumentException: Argument impact can only be one of ACTION, ACTION_INFO, INFO, or UNKNOWN given value is :10
	at java.management/javax.management.MBeanOperationInfo.<init>(MBeanOperationInfo.java:164)
	at com.acme.modres.mbean.DMBeanUtils.getOps(DMBeanUtils.java:28)
	at com.acme.modres.mbean.AppInfo.buildDMBeanInfo(AppInfo.java:32)
	at com.acme.modres.mbean.AppInfo.<init>(AppInfo.java:21)
	at com.acme.modres.mbean.AppInfoTest.setUp(AppInfoTest.java:21)
	at java.base/java.lang.reflect.Method.invoke(Method.java:569)
	at java.base/java.util.ArrayList.forEach(ArrayList.java:1511)
	at java.base/java.util.ArrayList.forEach(ArrayList.java:1511)

[ERROR] com.acme.modres.mbean.AppInfoTest.testInvoke_increaseMaxLimit_withNullParams -- Time elapsed: 0.003 s <<< ERROR!
java.lang.IllegalArgumentException: Argument impact can only be one of ACTION, ACTION_INFO, INFO, or UNKNOWN given value is :10
	at java.management/javax.management.MBeanOperationInfo.<init>(MBeanOperationInfo.java:164)
	at com.acme.modres.mbean.DMBeanUtils.getOps(DMBeanUtils.java:28)
	at com.acme.modres.mbean.AppInfo.buildDMBeanInfo(AppInfo.java:32)
	at com.acme.modres.mbean.AppInfo.<init>(AppInfo.java:21)
	at com.acme.modres.mbean.AppInfoTest.setUp(AppInfoTest.java:21)
	at java.base/java.lang.reflect.Method.invoke(Method.java:569)
	at java.base/java.util.ArrayList.forEach(ArrayList.java:1511)
	at java.base/java.util.ArrayList.forEach(ArrayList.java:1511)

[ERROR] com.acme.modres.mbean.AppInfoTest.testSetAttributes_returnsNull -- Time elapsed: 0.003 s <<< ERROR!
java.lang.IllegalArgumentException: Argument impact can only be one of ACTION, ACTION_INFO, INFO, or UNKNOWN given value is :10
	at java.management/javax.management.MBeanOperationInfo.<init>(MBeanOperationInfo.java:164)
	at com.acme.modres.mbean.DMBeanUtils.getOps(DMBeanUtils.java:28)
	at com.acme.modres.mbean.AppInfo.buildDMBeanInfo(AppInfo.java:32)
	at com.acme.modres.mbean.AppInfo.<init>(AppInfo.java:21)
	at com.acme.modres.mbean.AppInfoTest.setUp(AppInfoTest.java:21)
	at java.base/java.lang.reflect.Method.invoke(Method.java:569)
	at java.base/java.util.ArrayList.forEach(ArrayList.java:1511)
	at java.base/java.util.ArrayList.forEach(ArrayList.java:1511)

[ERROR] com.acme.modres.mbean.AppInfoTest.testInvoke_withEmptyActionName_throwsException -- Time elapsed: 0.003 s <<< ERROR!
java.lang.IllegalArgumentException: Argument impact can only be one of ACTION, ACTION_INFO, INFO, or UNKNOWN given value is :10
	at java.management/javax.management.MBeanOperationInfo.<init>(MBeanOperationInfo.java:164)
	at com.acme.modres.mbean.DMBeanUtils.getOps(DMBeanUtils.java:28)
	at com.acme.modres.mbean.AppInfo.buildDMBeanInfo(AppInfo.java:32)
	at com.acme.modres.mbean.AppInfo.<init>(AppInfo.java:21)
	at com.acme.modres.mbean.AppInfoTest.setUp(AppInfoTest.java:21)
	at java.base/java.lang.reflect.Method.invoke(Method.java:569)
	at java.base/java.util.ArrayList.forEach(ArrayList.java:1511)
	at java.base/java.util.ArrayList.forEach(ArrayList.java:1511)

[ERROR] com.acme.modres.mbean.AppInfoTest.testInvoke_unsupportedOperation_throwsException -- Time elapsed: 0.002 s <<< ERROR!
java.lang.IllegalArgumentException: Argument impact can only be one of ACTION, ACTION_INFO, INFO, or UNKNOWN given value is :10
	at java.management/javax.management.MBeanOperationInfo.<init>(MBeanOperationInfo.java:164)
	at com.acme.modres.mbean.DMBeanUtils.getOps(DMBeanUtils.java:28)
	at com.acme.modres.mbean.AppInfo.buildDMBeanInfo(AppInfo.java:32)
	at com.acme.modres.mbean.AppInfo.<init>(AppInfo.java:21)
	at com.acme.modres.mbean.AppInfoTest.setUp(AppInfoTest.java:21)
	at java.base/java.lang.reflect.Method.invoke(Method.java:569)
	at java.base/java.util.ArrayList.forEach(ArrayList.java:1511)
	at java.base/java.util.ArrayList.forEach(ArrayList.java:1511)

[ERROR] com.acme.modres.mbean.AppInfoTest.testGetMBeanInfo_returnsNonNull -- Time elapsed: 0.003 s <<< ERROR!
java.lang.IllegalArgumentException: Argument impact can only be one of ACTION, ACTION_INFO, INFO, or UNKNOWN given value is :10
	at java.management/javax.management.MBeanOperationInfo.<init>(MBeanOperationInfo.java:164)
	at com.acme.modres.mbean.DMBeanUtils.getOps(DMBeanUtils.java:28)
	at com.acme.modres.mbean.AppInfo.buildDMBeanInfo(AppInfo.java:32)
	at com.acme.modres.mbean.AppInfo.<init>(AppInfo.java:21)
	at com.acme.modres.mbean.AppInfoTest.setUp(AppInfoTest.java:21)
	at java.base/java.lang.reflect.Method.invoke(Method.java:569)
	at java.base/java.util.ArrayList.forEach(ArrayList.java:1511)
	at java.base/java.util.ArrayList.forEach(ArrayList.java:1511)

[ERROR] com.acme.modres.mbean.AppInfoTest.testGetAttribute_returnsNull -- Time elapsed: 0.003 s <<< ERROR!
java.lang.IllegalArgumentException: Argument impact can only be one of ACTION, ACTION_INFO, INFO, or UNKNOWN given value is :10
	at java.management/javax.management.MBeanOperationInfo.<init>(MBeanOperationInfo.java:164)
	at com.acme.modres.mbean.DMBeanUtils.getOps(DMBeanUtils.java:28)
	at com.acme.modres.mbean.AppInfo.buildDMBeanInfo(AppInfo.java:32)
	at com.acme.modres.mbean.AppInfo.<init>(AppInfo.java:21)
	at com.acme.modres.mbean.AppInfoTest.setUp(AppInfoTest.java:21)
	at java.base/java.lang.reflect.Method.invoke(Method.java:569)
	at java.base/java.util.ArrayList.forEach(ArrayList.java:1511)
	at java.base/java.util.ArrayList.forEach(ArrayList.java:1511)

[ERROR] com.acme.modres.mbean.AppInfoTest.testInvoke_increaseMaxLimit_returnsMessage -- Time elapsed: 0.003 s <<< ERROR!
java.lang.IllegalArgumentException: Argument impact can only be one of ACTION, ACTION_INFO, INFO, or UNKNOWN given value is :10
	at java.management/javax.management.MBeanOperationInfo.<init>(MBeanOperationInfo.java:164)
	at com.acme.modres.mbean.DMBeanUtils.getOps(DMBeanUtils.java:28)
	at com.acme.modres.mbean.AppInfo.buildDMBeanInfo(AppInfo.java:32)
	at com.acme.modres.mbean.AppInfo.<init>(AppInfo.java:21)
	at com.acme.modres.mbean.AppInfoTest.setUp(AppInfoTest.java:21)
	at java.base/java.lang.reflect.Method.invoke(Method.java:569)
	at java.base/java.util.ArrayList.forEach(ArrayList.java:1511)
	at java.base/java.util.ArrayList.forEach(ArrayList.java:1511)

[ERROR] com.acme.modres.mbean.AppInfoTest.testGetMBeanInfo_hasDescription -- Time elapsed: 0.002 s <<< ERROR!
java.lang.IllegalArgumentException: Argument impact can only be one of ACTION, ACTION_INFO, INFO, or UNKNOWN given value is :10
	at java.management/javax.management.MBeanOperationInfo.<init>(MBeanOperationInfo.java:164)
	at com.acme.modres.mbean.DMBeanUtils.getOps(DMBeanUtils.java:28)
	at com.acme.modres.mbean.AppInfo.buildDMBeanInfo(AppInfo.java:32)
	at com.acme.modres.mbean.AppInfo.<init>(AppInfo.java:21)
	at com.acme.modres.mbean.AppInfoTest.setUp(AppInfoTest.java:21)
	at java.base/java.lang.reflect.Method.invoke(Method.java:569)
	at java.base/java.util.ArrayList.forEach(ArrayList.java:1511)
	at java.base/java.util.ArrayList.forEach(ArrayList.java:1511)

[ERROR] com.acme.modres.mbean.AppInfoTest.testGetMBeanInfo_hasCorrectClassName -- Time elapsed: 0.002 s <<< ERROR!
java.lang.IllegalArgumentException: Argument impact can only be one of ACTION, ACTION_INFO, INFO, or UNKNOWN given value is :10
	at java.management/javax.management.MBeanOperationInfo.<init>(MBeanOperationInfo.java:164)
	at com.acme.modres.mbean.DMBeanUtils.getOps(DMBeanUtils.java:28)
	at com.acme.modres.mbean.AppInfo.buildDMBeanInfo(AppInfo.java:32)
	at com.acme.modres.mbean.AppInfo.<init>(AppInfo.java:21)
	at com.acme.modres.mbean.AppInfoTest.setUp(AppInfoTest.java:21)
	at java.base/java.lang.reflect.Method.invoke(Method.java:569)
	at java.base/java.util.ArrayList.forEach(ArrayList.java:1511)
	at java.base/java.util.ArrayList.forEach(ArrayList.java:1511)

[ERROR] com.acme.modres.mbean.AppInfoTest.testInvoke_resetMaxLimit_withNullParams -- Time elapsed: 0.003 s <<< ERROR!
java.lang.IllegalArgumentException: Argument impact can only be one of ACTION, ACTION_INFO, INFO, or UNKNOWN given value is :10
	at java.management/javax.management.MBeanOperationInfo.<init>(MBeanOperationInfo.java:164)
	at com.acme.modres.mbean.DMBeanUtils.getOps(DMBeanUtils.java:28)
	at com.acme.modres.mbean.AppInfo.buildDMBeanInfo(AppInfo.java:32)
	at com.acme.modres.mbean.AppInfo.<init>(AppInfo.java:21)
	at com.acme.modres.mbean.AppInfoTest.setUp(AppInfoTest.java:21)
	at java.base/java.lang.reflect.Method.invoke(Method.java:569)
	at java.base/java.util.ArrayList.forEach(ArrayList.java:1511)
	at java.base/java.util.ArrayList.forEach(ArrayList.java:1511)

[ERROR] com.acme.modres.mbean.AppInfoTest.testConstructor -- Time elapsed: 0.002 s <<< ERROR!
java.lang.IllegalArgumentException: Argument impact can only be one of ACTION, ACTION_INFO, INFO, or UNKNOWN given value is :10
	at java.management/javax.management.MBeanOperationInfo.<init>(MBeanOperationInfo.java:164)
	at com.acme.modres.mbean.DMBeanUtils.getOps(DMBeanUtils.java:28)
	at com.acme.modres.mbean.AppInfo.buildDMBeanInfo(AppInfo.java:32)
	at com.acme.modres.mbean.AppInfo.<init>(AppInfo.java:21)
	at com.acme.modres.mbean.AppInfoTest.setUp(AppInfoTest.java:21)
	at java.base/java.lang.reflect.Method.invoke(Method.java:569)
	at java.base/java.util.ArrayList.forEach(ArrayList.java:1511)
	at java.base/java.util.ArrayList.forEach(ArrayList.java:1511)

[ERROR] com.acme.modres.mbean.AppInfoTest.testSetAttribute_doesNotThrow -- Time elapsed: 0.002 s <<< ERROR!
java.lang.IllegalArgumentException: Argument impact can only be one of ACTION, ACTION_INFO, INFO, or UNKNOWN given value is :10
	at java.management/javax.management.MBeanOperationInfo.<init>(MBeanOperationInfo.java:164)
	at com.acme.modres.mbean.DMBeanUtils.getOps(DMBeanUtils.java:28)
	at com.acme.modres.mbean.AppInfo.buildDMBeanInfo(AppInfo.java:32)
	at com.acme.modres.mbean.AppInfo.<init>(AppInfo.java:21)
	at com.acme.modres.mbean.AppInfoTest.setUp(AppInfoTest.java:21)
	at java.base/java.lang.reflect.Method.invoke(Method.java:569)
	at java.base/java.util.ArrayList.forEach(ArrayList.java:1511)
	at java.base/java.util.ArrayList.forEach(ArrayList.java:1511)

[ERROR] com.acme.modres.mbean.AppInfoTest.testInvoke_withNullActionName_throwsException -- Time elapsed: 0.003 s <<< ERROR!
java.lang.IllegalArgumentException: Argument impact can only be one of ACTION, ACTION_INFO, INFO, or UNKNOWN given value is :10
	at java.management/javax.management.MBeanOperationInfo.<init>(MBeanOperationInfo.java:164)
	at com.acme.modres.mbean.DMBeanUtils.getOps(DMBeanUtils.java:28)
	at com.acme.modres.mbean.AppInfo.buildDMBeanInfo(AppInfo.java:32)
	at com.acme.modres.mbean.AppInfo.<init>(AppInfo.java:21)
	at com.acme.modres.mbean.AppInfoTest.setUp(AppInfoTest.java:21)
	at java.base/java.lang.reflect.Method.invoke(Method.java:569)
	at java.base/java.util.ArrayList.forEach(ArrayList.java:1511)
	at java.base/java.util.ArrayList.forEach(ArrayList.java:1511)

[INFO] Running com.acme.modres.mbean.DMBeanUtilsTest
Jul 20, 2026 7:42:46 AM com.acme.modres.mbean.DMBeanUtils getOps
WARNING: No operation is configured
Jul 20, 2026 7:42:46 AM com.acme.modres.mbean.DMBeanUtils getOps
WARNING: No operation is configured
[INFO] Tests run: 9, Failures: 0, Errors: 0, Skipped: 0, Time elapsed: 0.010 s -- in com.acme.modres.mbean.DMBeanUtilsTest
[INFO] Running com.acme.modres.mbean.IOUtilsTest
Jul 20, 2026 7:42:46 AM com.acme.modres.mbean.IOUtils getFileFromRelativePath
SEVERE: Resource not found: nonexistent.json
[ERROR] Tests run: 13, Failures: 0, Errors: 2, Skipped: 0, Time elapsed: 0.044 s <<< FAILURE! -- in com.acme.modres.mbean.IOUtilsTest
[ERROR] com.acme.modres.mbean.IOUtilsTest.testGetFileFromRelativePath_withNullPath -- Time elapsed: 0.002 s <<< ERROR!
java.lang.NullPointerException
	at java.base/java.util.Objects.requireNonNull(Objects.java:209)
	at java.base/java.lang.ClassLoader.getResourceAsStream(ClassLoader.java:1737)
	at com.acme.modres.mbean.IOUtils.getFileFromRelativePath(IOUtils.java:22)
	at com.acme.modres.mbean.IOUtilsTest.testGetFileFromRelativePath_withNullPath(IOUtilsTest.java:15)
	at java.base/java.lang.reflect.Method.invoke(Method.java:569)
	at java.base/java.util.ArrayList.forEach(ArrayList.java:1511)
	at java.base/java.util.ArrayList.forEach(ArrayList.java:1511)

[ERROR] com.acme.modres.mbean.IOUtilsTest.testGetFileFromRelativePath_withEmptyPath -- Time elapsed: 0.020 s <<< ERROR!
java.lang.IllegalArgumentException: Prefix string "" too short: length must be at least 3
	at java.base/java.io.File.createTempFile(File.java:2144)
	at java.base/java.io.File.createTempFile(File.java:2216)
	at com.acme.modres.mbean.IOUtils.getFileFromRelativePath(IOUtils.java:32)
	at com.acme.modres.mbean.IOUtilsTest.testGetFileFromRelativePath_withEmptyPath(IOUtilsTest.java:27)
	at java.base/java.lang.reflect.Method.invoke(Method.java:569)
	at java.base/java.util.ArrayList.forEach(ArrayList.java:1511)
	at java.base/java.util.ArrayList.forEach(ArrayList.java:1511)

[INFO] Running com.acme.modres.mbean.OpMetadataTest
[INFO] Tests run: 18, Failures: 0, Errors: 0, Skipped: 0, Time elapsed: 0.015 s -- in com.acme.modres.mbean.OpMetadataTest
[INFO] Running com.acme.modres.mbean.reservation.ReservationTest
[INFO] Tests run: 15, Failures: 0, Errors: 0, Skipped: 0, Time elapsed: 0.011 s -- in com.acme.modres.mbean.reservation.ReservationTest
[INFO] Running com.acme.modres.mbean.reservation.ReservationListTest
[INFO] Tests run: 13, Failures: 0, Errors: 0, Skipped: 0, Time elapsed: 0.009 s -- in com.acme.modres.mbean.reservation.ReservationListTest
[INFO] Running com.acme.modres.mbean.reservation.DateCheckerTest
Jul 20, 2026 7:42:46 AM com.acme.modres.mbean.reservation.DateChecker run
SEVERE: Error parsing date
java.text.ParseException: Unparseable date: "invalid-date"
	at java.base/java.text.DateFormat.parse(DateFormat.java:399)
	at com.acme.modres.mbean.reservation.DateChecker.run(DateChecker.java:29)
	at com.acme.modres.mbean.reservation.DateCheckerTest.lambda$testRun_withInvalidDateFormat$3(DateCheckerTest.java:84)
	at org.junit.jupiter.api.AssertDoesNotThrow.assertDoesNotThrow(AssertDoesNotThrow.java:49)
	at org.junit.jupiter.api.AssertDoesNotThrow.assertDoesNotThrow(AssertDoesNotThrow.java:36)
	at org.junit.jupiter.api.Assertions.assertDoesNotThrow(Assertions.java:3164)
	at com.acme.modres.mbean.reservation.DateCheckerTest.testRun_withInvalidDateFormat(DateCheckerTest.java:84)
	at java.base/jdk.internal.reflect.NativeMethodAccessorImpl.invoke0(Native Method)
	at java.base/jdk.internal.reflect.NativeMethodAccessorImpl.invoke(NativeMethodAccessorImpl.java:77)
	at java.base/jdk.internal.reflect.DelegatingMethodAccessorImpl.invoke(DelegatingMethodAccessorImpl.java:43)
	at java.base/java.lang.reflect.Method.invoke(Method.java:569)
	at org.junit.platform.commons.util.ReflectionUtils.invokeMethod(ReflectionUtils.java:728)
	at org.junit.jupiter.engine.execution.MethodInvocation.proceed(MethodInvocation.java:60)
	at org.junit.jupiter.engine.execution.InvocationInterceptorChain$ValidatingInvocation.proceed(InvocationInterceptorChain.java:131)
	at org.junit.jupiter.engine.extension.TimeoutExtension.intercept(TimeoutExtension.java:156)
	at org.junit.jupiter.engine.extension.TimeoutExtension.interceptTestableMethod(TimeoutExtension.java:147)
	at org.junit.jupiter.engine.extension.TimeoutExtension.interceptTestMethod(TimeoutExtension.java:86)
	at org.junit.jupiter.engine.execution.InterceptingExecutableInvoker$ReflectiveInterceptorCall.lambda$ofVoidMethod$0(InterceptingExecutableInvoker.java:103)
	at org.junit.jupiter.engine.execution.InterceptingExecutableInvoker.lambda$invoke$0(InterceptingExecutableInvoker.java:93)
	at org.junit.jupiter.engine.execution.InvocationInterceptorChain$InterceptedInvocation.proceed(InvocationInterceptorChain.java:106)
	at org.junit.jupiter.engine.execution.InvocationInterceptorChain.proceed(InvocationInterceptorChain.java:64)
	at org.junit.jupiter.engine.execution.InvocationInterceptorChain.chainAndInvoke(InvocationInterceptorChain.java:45)
	at org.junit.jupiter.engine.execution.InvocationInterceptorChain.invoke(InvocationInterceptorChain.java:37)
	at org.junit.jupiter.engine.execution.InterceptingExecutableInvoker.invoke(InterceptingExecutableInvoker.java:92)
	at org.junit.jupiter.engine.execution.InterceptingExecutableInvoker.invoke(InterceptingExecutableInvoker.java:86)
	at org.junit.jupiter.engine.descriptor.TestMethodTestDescriptor.lambda$invokeTestMethod$7(TestMethodTestDescriptor.java:218)
	at org.junit.platform.engine.support.hierarchical.ThrowableCollector.execute(ThrowableCollector.java:73)
	at org.junit.jupiter.engine.descriptor.TestMethodTestDescriptor.invokeTestMethod(TestMethodTestDescriptor.java:214)
	at org.junit.jupiter.engine.descriptor.TestMethodTestDescriptor.execute(TestMethodTestDescriptor.java:139)
	at org.junit.jupiter.engine.descriptor.TestMethodTestDescriptor.execute(TestMethodTestDescriptor.java:69)
	at org.junit.platform.engine.support.hierarchical.NodeTestTask.lambda$executeRecursively$6(NodeTestTask.java:151)
	at org.junit.platform.engine.support.hierarchical.ThrowableCollector.execute(ThrowableCollector.java:73)
	at org.junit.platform.engine.support.hierarchical.NodeTestTask.lambda$executeRecursively$8(NodeTestTask.java:141)
	at org.junit.platform.engine.support.hierarchical.Node.around(Node.java:137)
	at org.junit.platform.engine.support.hierarchical.NodeTestTask.lambda$executeRecursively$9(NodeTestTask.java:139)
	at org.junit.platform.engine.support.hierarchical.ThrowableCollector.execute(ThrowableCollector.java:73)
	at org.junit.platform.engine.support.hierarchical.NodeTestTask.executeRecursively(NodeTestTask.java:138)
	at org.junit.platform.engine.support.hierarchical.NodeTestTask.execute(NodeTestTask.java:95)
	at java.base/java.util.ArrayList.forEach(ArrayList.java:1511)
	at org.junit.platform.engine.support.hierarchical.SameThreadHierarchicalTestExecutorService.invokeAll(SameThreadHierarchicalTestExecutorService.java:41)
	at org.junit.platform.engine.support.hierarchical.NodeTestTask.lambda$executeRecursively$6(NodeTestTask.java:155)
	at org.junit.platform.engine.support.hierarchical.ThrowableCollector.execute(ThrowableCollector.java:73)
	at org.junit.platform.engine.support.hierarchical.NodeTestTask.lambda$executeRecursively$8(NodeTestTask.java:141)
	at org.junit.platform.engine.support.hierarchical.Node.around(Node.java:137)
	at org.junit.platform.engine.support.hierarchical.NodeTestTask.lambda$executeRecursively$9(NodeTestTask.java:139)
	at org.junit.platform.engine.support.hierarchical.ThrowableCollector.execute(ThrowableCollector.java:73)
	at org.junit.platform.engine.support.hierarchical.NodeTestTask.executeRecursively(NodeTestTask.java:138)
	at org.junit.platform.engine.support.hierarchical.NodeTestTask.execute(NodeTestTask.java:95)
	at java.base/java.util.ArrayList.forEach(ArrayList.java:1511)
	at org.junit.platform.engine.support.hierarchical.SameThreadHierarchicalTestExecutorService.invokeAll(SameThreadHierarchicalTestExecutorService.java:41)
	at org.junit.platform.engine.support.hierarchical.NodeTestTask.lambda$executeRecursively$6(NodeTestTask.java:155)
	at org.junit.platform.engine.support.hierarchical.ThrowableCollector.execute(ThrowableCollector.java:73)
	at org.junit.platform.engine.support.hierarchical.NodeTestTask.lambda$executeRecursively$8(NodeTestTask.java:141)
	at org.junit.platform.engine.support.hierarchical.Node.around(Node.java:137)
	at org.junit.platform.engine.support.hierarchical.NodeTestTask.lambda$executeRecursively$9(NodeTestTask.java:139)
	at org.junit.platform.engine.support.hierarchical.ThrowableCollector.execute(ThrowableCollector.java:73)
	at org.junit.platform.engine.support.hierarchical.NodeTestTask.executeRecursively(NodeTestTask.java:138)
	at org.junit.platform.engine.support.hierarchical.NodeTestTask.execute(NodeTestTask.java:95)
	at org.junit.platform.engine.support.hierarchical.SameThreadHierarchicalTestExecutorService.submit(SameThreadHierarchicalTestExecutorService.java:35)
	at org.junit.platform.engine.support.hierarchical.HierarchicalTestExecutor.execute(HierarchicalTestExecutor.java:57)
	at org.junit.platform.engine.support.hierarchical.HierarchicalTestEngine.execute(HierarchicalTestEngine.java:54)
	at org.junit.platform.launcher.core.EngineExecutionOrchestrator.execute(EngineExecutionOrchestrator.java:198)
	at org.junit.platform.launcher.core.EngineExecutionOrchestrator.execute(EngineExecutionOrchestrator.java:169)
	at org.junit.platform.launcher.core.EngineExecutionOrchestrator.execute(EngineExecutionOrchestrator.java:93)
	at org.junit.platform.launcher.core.EngineExecutionOrchestrator.lambda$execute$0(EngineExecutionOrchestrator.java:58)
	at org.junit.platform.launcher.core.EngineExecutionOrchestrator.withInterceptedStreams(EngineExecutionOrchestrator.java:141)
	at org.junit.platform.launcher.core.EngineExecutionOrchestrator.execute(EngineExecutionOrchestrator.java:57)
	at org.junit.platform.launcher.core.DefaultLauncher.execute(DefaultLauncher.java:103)
	at org.junit.platform.launcher.core.DefaultLauncher.execute(DefaultLauncher.java:85)
	at org.junit.platform.launcher.core.DelegatingLauncher.execute(DelegatingLauncher.java:47)
	at org.apache.maven.surefire.junitplatform.LazyLauncher.execute(LazyLauncher.java:56)
	at org.apache.maven.surefire.junitplatform.JUnitPlatformProvider.execute(JUnitPlatformProvider.java:184)
	at org.apache.maven.surefire.junitplatform.JUnitPlatformProvider.invokeAllTests(JUnitPlatformProvider.java:148)
	at org.apache.maven.surefire.junitplatform.JUnitPlatformProvider.invoke(JUnitPlatformProvider.java:122)
	at org.apache.maven.surefire.booter.ForkedBooter.runSuitesInProcess(ForkedBooter.java:385)
	at org.apache.maven.surefire.booter.ForkedBooter.execute(ForkedBooter.java:162)
	at org.apache.maven.surefire.booter.ForkedBooter.run(ForkedBooter.java:507)
	at org.apache.maven.surefire.booter.ForkedBooter.main(ForkedBooter.java:495)

[ERROR] Tests run: 9, Failures: 1, Errors: 0, Skipped: 0, Time elapsed: 0.165 s <<< FAILURE! -- in com.acme.modres.mbean.reservation.DateCheckerTest
[ERROR] com.acme.modres.mbean.reservation.DateCheckerTest.testRun_callsGetSelectedDate -- Time elapsed: 0.043 s <<< FAILURE!
Wanted but not invoked:
data.getSelectedDate();
-> at com.acme.modres.mbean.reservation.ReservationCheckerData.getSelectedDate(ReservationCheckerData.java:27)

However, there were exactly 2 interactions with this mock:
data.getReservationList();
-> at com.acme.modres.mbean.reservation.DateChecker.<init>(DateChecker.java:20)

data.setAvailablility(true);
-> at com.acme.modres.mbean.reservation.DateChecker.run(DateChecker.java:39)


	at com.acme.modres.mbean.reservation.ReservationCheckerData.getSelectedDate(ReservationCheckerData.java:27)
	at com.acme.modres.mbean.reservation.DateCheckerTest.testRun_callsGetSelectedDate(DateCheckerTest.java:118)
	at java.base/java.lang.reflect.Method.invoke(Method.java:569)
	at java.base/java.util.ArrayList.forEach(ArrayList.java:1511)
	at java.base/java.util.ArrayList.forEach(ArrayList.java:1511)

[INFO] Running com.acme.modres.mbean.reservation.ReservationCheckerDataTest
Jul 20, 2026 7:42:46 AM com.acme.modres.mbean.reservation.ReservationCheckerData setSelectedDate
WARNING: Failed to parse date: 
java.text.ParseException: Unparseable date: ""
	at java.base/java.text.DateFormat.parse(DateFormat.java:399)
	at com.acme.modres.mbean.reservation.ReservationCheckerData.setSelectedDate(ReservationCheckerData.java:32)
	at com.acme.modres.mbean.reservation.ReservationCheckerDataTest.testSetSelectedDate_withEmptyDate(ReservationCheckerDataTest.java:64)
	at java.base/jdk.internal.reflect.NativeMethodAccessorImpl.invoke0(Native Method)
	at java.base/jdk.internal.reflect.NativeMethodAccessorImpl.invoke(NativeMethodAccessorImpl.java:77)
	at java.base/jdk.internal.reflect.DelegatingMethodAccessorImpl.invoke(DelegatingMethodAccessorImpl.java:43)
	at java.base/java.lang.reflect.Method.invoke(Method.java:569)
	at org.junit.platform.commons.util.ReflectionUtils.invokeMethod(ReflectionUtils.java:728)
	at org.junit.jupiter.engine.execution.MethodInvocation.proceed(MethodInvocation.java:60)
	at org.junit.jupiter.engine.execution.InvocationInterceptorChain$ValidatingInvocation.proceed(InvocationInterceptorChain.java:131)
	at org.junit.jupiter.engine.extension.TimeoutExtension.intercept(TimeoutExtension.java:156)
	at org.junit.jupiter.engine.extension.TimeoutExtension.interceptTestableMethod(TimeoutExtension.java:147)
	at org.junit.jupiter.engine.extension.TimeoutExtension.interceptTestMethod(TimeoutExtension.java:86)
	at org.junit.jupiter.engine.execution.InterceptingExecutableInvoker$ReflectiveInterceptorCall.lambda$ofVoidMethod$0(InterceptingExecutableInvoker.java:103)
	at org.junit.jupiter.engine.execution.InterceptingExecutableInvoker.lambda$invoke$0(InterceptingExecutableInvoker.java:93)
	at org.junit.jupiter.engine.execution.InvocationInterceptorChain$InterceptedInvocation.proceed(InvocationInterceptorChain.java:106)
	at org.junit.jupiter.engine.execution.InvocationInterceptorChain.proceed(InvocationInterceptorChain.java:64)
	at org.junit.jupiter.engine.execution.InvocationInterceptorChain.chainAndInvoke(InvocationInterceptorChain.java:45)
	at org.junit.jupiter.engine.execution.InvocationInterceptorChain.invoke(InvocationInterceptorChain.java:37)
	at org.junit.jupiter.engine.execution.InterceptingExecutableInvoker.invoke(InterceptingExecutableInvoker.java:92)
	at org.junit.jupiter.engine.execution.InterceptingExecutableInvoker.invoke(InterceptingExecutableInvoker.java:86)
	at org.junit.jupiter.engine.descriptor.TestMethodTestDescriptor.lambda$invokeTestMethod$7(TestMethodTestDescriptor.java:218)
	at org.junit.platform.engine.support.hierarchical.ThrowableCollector.execute(ThrowableCollector.java:73)
	at org.junit.jupiter.engine.descriptor.TestMethodTestDescriptor.invokeTestMethod(TestMethodTestDescriptor.java:214)
	at org.junit.jupiter.engine.descriptor.TestMethodTestDescriptor.execute(TestMethodTestDescriptor.java:139)
	at org.junit.jupiter.engine.descriptor.TestMethodTestDescriptor.execute(TestMethodTestDescriptor.java:69)
	at org.junit.platform.engine.support.hierarchical.NodeTestTask.lambda$executeRecursively$6(NodeTestTask.java:151)
	at org.junit.platform.engine.support.hierarchical.ThrowableCollector.execute(ThrowableCollector.java:73)
	at org.junit.platform.engine.support.hierarchical.NodeTestTask.lambda$executeRecursively$8(NodeTestTask.java:141)
	at org.junit.platform.engine.support.hierarchical.Node.around(Node.java:137)
	at org.junit.platform.engine.support.hierarchical.NodeTestTask.lambda$executeRecursively$9(NodeTestTask.java:139)
	at org.junit.platform.engine.support.hierarchical.ThrowableCollector.execute(ThrowableCollector.java:73)
	at org.junit.platform.engine.support.hierarchical.NodeTestTask.executeRecursively(NodeTestTask.java:138)
	at org.junit.platform.engine.support.hierarchical.NodeTestTask.execute(NodeTestTask.java:95)
	at java.base/java.util.ArrayList.forEach(ArrayList.java:1511)
	at org.junit.platform.engine.support.hierarchical.SameThreadHierarchicalTestExecutorService.invokeAll(SameThreadHierarchicalTestExecutorService.java:41)
	at org.junit.platform.engine.support.hierarchical.NodeTestTask.lambda$executeRecursively$6(NodeTestTask.java:155)
	at org.junit.platform.engine.support.hierarchical.ThrowableCollector.execute(ThrowableCollector.java:73)
	at org.junit.platform.engine.support.hierarchical.NodeTestTask.lambda$executeRecursively$8(NodeTestTask.java:141)
	at org.junit.platform.engine.support.hierarchical.Node.around(Node.java:137)
	at org.junit.platform.engine.support.hierarchical.NodeTestTask.lambda$executeRecursively$9(NodeTestTask.java:139)
	at org.junit.platform.engine.support.hierarchical.ThrowableCollector.execute(ThrowableCollector.java:73)
	at org.junit.platform.engine.support.hierarchical.NodeTestTask.executeRecursively(NodeTestTask.java:138)
	at org.junit.platform.engine.support.hierarchical.NodeTestTask.execute(NodeTestTask.java:95)
	at java.base/java.util.ArrayList.forEach(ArrayList.java:1511)
	at org.junit.platform.engine.support.hierarchical.SameThreadHierarchicalTestExecutorService.invokeAll(SameThreadHierarchicalTestExecutorService.java:41)
	at org.junit.platform.engine.support.hierarchical.NodeTestTask.lambda$executeRecursively$6(NodeTestTask.java:155)
	at org.junit.platform.engine.support.hierarchical.ThrowableCollector.execute(ThrowableCollector.java:73)
	at org.junit.platform.engine.support.hierarchical.NodeTestTask.lambda$executeRecursively$8(NodeTestTask.java:141)
	at org.junit.platform.engine.support.hierarchical.Node.around(Node.java:137)
	at org.junit.platform.engine.support.hierarchical.NodeTestTask.lambda$executeRecursively$9(NodeTestTask.java:139)
	at org.junit.platform.engine.support.hierarchical.ThrowableCollector.execute(ThrowableCollector.java:73)
	at org.junit.platform.engine.support.hierarchical.NodeTestTask.executeRecursively(NodeTestTask.java:138)
	at org.junit.platform.engine.support.hierarchical.NodeTestTask.execute(NodeTestTask.java:95)
	at org.junit.platform.engine.support.hierarchical.SameThreadHierarchicalTestExecutorService.submit(SameThreadHierarchicalTestExecutorService.java:35)
	at org.junit.platform.engine.support.hierarchical.HierarchicalTestExecutor.execute(HierarchicalTestExecutor.java:57)
	at org.junit.platform.engine.support.hierarchical.HierarchicalTestEngine.execute(HierarchicalTestEngine.java:54)
	at org.junit.platform.launcher.core.EngineExecutionOrchestrator.execute(EngineExecutionOrchestrator.java:198)
	at org.junit.platform.launcher.core.EngineExecutionOrchestrator.execute(EngineExecutionOrchestrator.java:169)
	at org.junit.platform.launcher.core.EngineExecutionOrchestrator.execute(EngineExecutionOrchestrator.java:93)
	at org.junit.platform.launcher.core.EngineExecutionOrchestrator.lambda$execute$0(EngineExecutionOrchestrator.java:58)
	at org.junit.platform.launcher.core.EngineExecutionOrchestrator.withInterceptedStreams(EngineExecutionOrchestrator.java:141)
	at org.junit.platform.launcher.core.EngineExecutionOrchestrator.execute(EngineExecutionOrchestrator.java:57)
	at org.junit.platform.launcher.core.DefaultLauncher.execute(DefaultLauncher.java:103)
	at org.junit.platform.launcher.core.DefaultLauncher.execute(DefaultLauncher.java:85)
	at org.junit.platform.launcher.core.DelegatingLauncher.execute(DelegatingLauncher.java:47)
	at org.apache.maven.surefire.junitplatform.LazyLauncher.execute(LazyLauncher.java:56)
	at org.apache.maven.surefire.junitplatform.JUnitPlatformProvider.execute(JUnitPlatformProvider.java:184)
	at org.apache.maven.surefire.junitplatform.JUnitPlatformProvider.invokeAllTests(JUnitPlatformProvider.java:148)
	at org.apache.maven.surefire.junitplatform.JUnitPlatformProvider.invoke(JUnitPlatformProvider.java:122)
	at org.apache.maven.surefire.booter.ForkedBooter.runSuitesInProcess(ForkedBooter.java:385)
	at org.apache.maven.surefire.booter.ForkedBooter.execute(ForkedBooter.java:162)
	at org.apache.maven.surefire.booter.ForkedBooter.run(ForkedBooter.java:507)
	at org.apache.maven.surefire.booter.ForkedBooter.main(ForkedBooter.java:495)

Jul 20, 2026 7:42:46 AM com.acme.modres.mbean.reservation.ReservationCheckerData setSelectedDate
WARNING: Failed to parse date: invalid-date
java.text.ParseException: Unparseable date: "invalid-date"
	at java.base/java.text.DateFormat.parse(DateFormat.java:399)
	at com.acme.modres.mbean.reservation.ReservationCheckerData.setSelectedDate(ReservationCheckerData.java:32)
	at com.acme.modres.mbean.reservation.ReservationCheckerDataTest.testSetSelectedDate_withInvalidDate(ReservationCheckerDataTest.java:52)
	at java.base/jdk.internal.reflect.NativeMethodAccessorImpl.invoke0(Native Method)
	at java.base/jdk.internal.reflect.NativeMethodAccessorImpl.invoke(NativeMethodAccessorImpl.java:77)
	at java.base/jdk.internal.reflect.DelegatingMethodAccessorImpl.invoke(DelegatingMethodAccessorImpl.java:43)
	at java.base/java.lang.reflect.Method.invoke(Method.java:569)
	at org.junit.platform.commons.util.ReflectionUtils.invokeMethod(ReflectionUtils.java:728)
	at org.junit.jupiter.engine.execution.MethodInvocation.proceed(MethodInvocation.java:60)
	at org.junit.jupiter.engine.execution.InvocationInterceptorChain$ValidatingInvocation.proceed(InvocationInterceptorChain.java:131)
	at org.junit.jupiter.engine.extension.TimeoutExtension.intercept(TimeoutExtension.java:156)
	at org.junit.jupiter.engine.extension.TimeoutExtension.interceptTestableMethod(TimeoutExtension.java:147)
	at org.junit.jupiter.engine.extension.TimeoutExtension.interceptTestMethod(TimeoutExtension.java:86)
	at org.junit.jupiter.engine.execution.InterceptingExecutableInvoker$ReflectiveInterceptorCall.lambda$ofVoidMethod$0(InterceptingExecutableInvoker.java:103)
	at org.junit.jupiter.engine.execution.InterceptingExecutableInvoker.lambda$invoke$0(InterceptingExecutableInvoker.java:93)
	at org.junit.jupiter.engine.execution.InvocationInterceptorChain$InterceptedInvocation.proceed(InvocationInterceptorChain.java:106)
	at org.junit.jupiter.engine.execution.InvocationInterceptorChain.proceed(InvocationInterceptorChain.java:64)
	at org.junit.jupiter.engine.execution.InvocationInterceptorChain.chainAndInvoke(InvocationInterceptorChain.java:45)
	at org.junit.jupiter.engine.execution.InvocationInterceptorChain.invoke(InvocationInterceptorChain.java:37)
	at org.junit.jupiter.engine.execution.InterceptingExecutableInvoker.invoke(InterceptingExecutableInvoker.java:92)
	at org.junit.jupiter.engine.execution.InterceptingExecutableInvoker.invoke(InterceptingExecutableInvoker.java:86)
	at org.junit.jupiter.engine.descriptor.TestMethodTestDescriptor.lambda$invokeTestMethod$7(TestMethodTestDescriptor.java:218)
	at org.junit.platform.engine.support.hierarchical.ThrowableCollector.execute(ThrowableCollector.java:73)
	at org.junit.jupiter.engine.descriptor.TestMethodTestDescriptor.invokeTestMethod(TestMethodTestDescriptor.java:214)
	at org.junit.jupiter.engine.descriptor.TestMethodTestDescriptor.execute(TestMethodTestDescriptor.java:139)
	at org.junit.jupiter.engine.descriptor.TestMethodTestDescriptor.execute(TestMethodTestDescriptor.java:69)
	at org.junit.platform.engine.support.hierarchical.NodeTestTask.lambda$executeRecursively$6(NodeTestTask.java:151)
	at org.junit.platform.engine.support.hierarchical.ThrowableCollector.execute(ThrowableCollector.java:73)
	at org.junit.platform.engine.support.hierarchical.NodeTestTask.lambda$executeRecursively$8(NodeTestTask.java:141)
	at org.junit.platform.engine.support.hierarchical.Node.around(Node.java:137)
	at org.junit.platform.engine.support.hierarchical.NodeTestTask.lambda$executeRecursively$9(NodeTestTask.java:139)
	at org.junit.platform.engine.support.hierarchical.ThrowableCollector.execute(ThrowableCollector.java:73)
	at org.junit.platform.engine.support.hierarchical.NodeTestTask.executeRecursively(NodeTestTask.java:138)
	at org.junit.platform.engine.support.hierarchical.NodeTestTask.execute(NodeTestTask.java:95)
	at java.base/java.util.ArrayList.forEach(ArrayList.java:1511)
	at org.junit.platform.engine.support.hierarchical.SameThreadHierarchicalTestExecutorService.invokeAll(SameThreadHierarchicalTestExecutorService.java:41)
	at org.junit.platform.engine.support.hierarchical.NodeTestTask.lambda$executeRecursively$6(NodeTestTask.java:155)
	at org.junit.platform.engine.support.hierarchical.ThrowableCollector.execute(ThrowableCollector.java:73)
	at org.junit.platform.engine.support.hierarchical.NodeTestTask.lambda$executeRecursively$8(NodeTestTask.java:141)
	at org.junit.platform.engine.support.hierarchical.Node.around(Node.java:137)
	at org.junit.platform.engine.support.hierarchical.NodeTestTask.lambda$executeRecursively$9(NodeTestTask.java:139)
	at org.junit.platform.engine.support.hierarchical.ThrowableCollector.execute(ThrowableCollector.java:73)
	at org.junit.platform.engine.support.hierarchical.NodeTestTask.executeRecursively(NodeTestTask.java:138)
	at org.junit.platform.engine.support.hierarchical.NodeTestTask.execute(NodeTestTask.java:95)
	at java.base/java.util.ArrayList.forEach(ArrayList.java:1511)
	at org.junit.platform.engine.support.hierarchical.SameThreadHierarchicalTestExecutorService.invokeAll(SameThreadHierarchicalTestExecutorService.java:41)
	at org.junit.platform.engine.support.hierarchical.NodeTestTask.lambda$executeRecursively$6(NodeTestTask.java:155)
	at org.junit.platform.engine.support.hierarchical.ThrowableCollector.execute(ThrowableCollector.java:73)
	at org.junit.platform.engine.support.hierarchical.NodeTestTask.lambda$executeRecursively$8(NodeTestTask.java:141)
	at org.junit.platform.engine.support.hierarchical.Node.around(Node.java:137)
	at org.junit.platform.engine.support.hierarchical.NodeTestTask.lambda$executeRecursively$9(NodeTestTask.java:139)
	at org.junit.platform.engine.support.hierarchical.ThrowableCollector.execute(ThrowableCollector.java:73)
	at org.junit.platform.engine.support.hierarchical.NodeTestTask.executeRecursively(NodeTestTask.java:138)
	at org.junit.platform.engine.support.hierarchical.NodeTestTask.execute(NodeTestTask.java:95)
	at org.junit.platform.engine.support.hierarchical.SameThreadHierarchicalTestExecutorService.submit(SameThreadHierarchicalTestExecutorService.java:35)
	at org.junit.platform.engine.support.hierarchical.HierarchicalTestExecutor.execute(HierarchicalTestExecutor.java:57)
	at org.junit.platform.engine.support.hierarchical.HierarchicalTestEngine.execute(HierarchicalTestEngine.java:54)
	at org.junit.platform.launcher.core.EngineExecutionOrchestrator.execute(EngineExecutionOrchestrator.java:198)
	at org.junit.platform.launcher.core.EngineExecutionOrchestrator.execute(EngineExecutionOrchestrator.java:169)
	at org.junit.platform.launcher.core.EngineExecutionOrchestrator.execute(EngineExecutionOrchestrator.java:93)
	at org.junit.platform.launcher.core.EngineExecutionOrchestrator.lambda$execute$0(EngineExecutionOrchestrator.java:58)
	at org.junit.platform.launcher.core.EngineExecutionOrchestrator.withInterceptedStreams(EngineExecutionOrchestrator.java:141)
	at org.junit.platform.launcher.core.EngineExecutionOrchestrator.execute(EngineExecutionOrchestrator.java:57)
	at org.junit.platform.launcher.core.DefaultLauncher.execute(DefaultLauncher.java:103)
	at org.junit.platform.launcher.core.DefaultLauncher.execute(DefaultLauncher.java:85)
	at org.junit.platform.launcher.core.DelegatingLauncher.execute(DelegatingLauncher.java:47)
	at org.apache.maven.surefire.junitplatform.LazyLauncher.execute(LazyLauncher.java:56)
	at org.apache.maven.surefire.junitplatform.JUnitPlatformProvider.execute(JUnitPlatformProvider.java:184)
	at org.apache.maven.surefire.junitplatform.JUnitPlatformProvider.invokeAllTests(JUnitPlatformProvider.java:148)
	at org.apache.maven.surefire.junitplatform.JUnitPlatformProvider.invoke(JUnitPlatformProvider.java:122)
	at org.apache.maven.surefire.booter.ForkedBooter.runSuitesInProcess(ForkedBooter.java:385)
	at org.apache.maven.surefire.booter.ForkedBooter.execute(ForkedBooter.java:162)
	at org.apache.maven.surefire.booter.ForkedBooter.run(ForkedBooter.java:507)
	at org.apache.maven.surefire.booter.ForkedBooter.main(ForkedBooter.java:495)

Jul 20, 2026 7:42:46 AM com.acme.modres.mbean.reservation.ReservationCheckerData setSelectedDate
WARNING: Failed to parse date: null
java.lang.NullPointerException: Cannot invoke "String.length()" because "text" is null
	at java.base/java.text.SimpleDateFormat.parse(SimpleDateFormat.java:1474)
	at java.base/java.text.DateFormat.parse(DateFormat.java:397)
	at com.acme.modres.mbean.reservation.ReservationCheckerData.setSelectedDate(ReservationCheckerData.java:32)
	at com.acme.modres.mbean.reservation.ReservationCheckerDataTest.testSetSelectedDate_withNullDate(ReservationCheckerDataTest.java:58)
	at java.base/jdk.internal.reflect.NativeMethodAccessorImpl.invoke0(Native Method)
	at java.base/jdk.internal.reflect.NativeMethodAccessorImpl.invoke(NativeMethodAccessorImpl.java:77)
	at java.base/jdk.internal.reflect.DelegatingMethodAccessorImpl.invoke(DelegatingMethodAccessorImpl.java:43)
	at java.base/java.lang.reflect.Method.invoke(Method.java:569)
	at org.junit.platform.commons.util.ReflectionUtils.invokeMethod(ReflectionUtils.java:728)
	at org.junit.jupiter.engine.execution.MethodInvocation.proceed(MethodInvocation.java:60)
	at org.junit.jupiter.engine.execution.InvocationInterceptorChain$ValidatingInvocation.proceed(InvocationInterceptorChain.java:131)
	at org.junit.jupiter.engine.extension.TimeoutExtension.intercept(TimeoutExtension.java:156)
	at org.junit.jupiter.engine.extension.TimeoutExtension.interceptTestableMethod(TimeoutExtension.java:147)
	at org.junit.jupiter.engine.extension.TimeoutExtension.interceptTestMethod(TimeoutExtension.java:86)
	at org.junit.jupiter.engine.execution.InterceptingExecutableInvoker$ReflectiveInterceptorCall.lambda$ofVoidMethod$0(InterceptingExecutableInvoker.java:103)
	at org.junit.jupiter.engine.execution.InterceptingExecutableInvoker.lambda$invoke$0(InterceptingExecutableInvoker.java:93)
	at org.junit.jupiter.engine.execution.InvocationInterceptorChain$InterceptedInvocation.proceed(InvocationInterceptorChain.java:106)
	at org.junit.jupiter.engine.execution.InvocationInterceptorChain.proceed(InvocationInterceptorChain.java:64)
	at org.junit.jupiter.engine.execution.InvocationInterceptorChain.chainAndInvoke(InvocationInterceptorChain.java:45)
	at org.junit.jupiter.engine.execution.InvocationInterceptorChain.invoke(InvocationInterceptorChain.java:37)
	at org.junit.jupiter.engine.execution.InterceptingExecutableInvoker.invoke(InterceptingExecutableInvoker.java:92)
	at org.junit.jupiter.engine.execution.InterceptingExecutableInvoker.invoke(InterceptingExecutableInvoker.java:86)
	at org.junit.jupiter.engine.descriptor.TestMethodTestDescriptor.lambda$invokeTestMethod$7(TestMethodTestDescriptor.java:218)
	at org.junit.platform.engine.support.hierarchical.ThrowableCollector.execute(ThrowableCollector.java:73)
	at org.junit.jupiter.engine.descriptor.TestMethodTestDescriptor.invokeTestMethod(TestMethodTestDescriptor.java:214)
	at org.junit.jupiter.engine.descriptor.TestMethodTestDescriptor.execute(TestMethodTestDescriptor.java:139)
	at org.junit.jupiter.engine.descriptor.TestMethodTestDescriptor.execute(TestMethodTestDescriptor.java:69)
	at org.junit.platform.engine.support.hierarchical.NodeTestTask.lambda$executeRecursively$6(NodeTestTask.java:151)
	at org.junit.platform.engine.support.hierarchical.ThrowableCollector.execute(ThrowableCollector.java:73)
	at org.junit.platform.engine.support.hierarchical.NodeTestTask.lambda$executeRecursively$8(NodeTestTask.java:141)
	at org.junit.platform.engine.support.hierarchical.Node.around(Node.java:137)
	at org.junit.platform.engine.support.hierarchical.NodeTestTask.lambda$executeRecursively$9(NodeTestTask.java:139)
	at org.junit.platform.engine.support.hierarchical.ThrowableCollector.execute(ThrowableCollector.java:73)
	at org.junit.platform.engine.support.hierarchical.NodeTestTask.executeRecursively(NodeTestTask.java:138)
	at org.junit.platform.engine.support.hierarchical.NodeTestTask.execute(NodeTestTask.java:95)
	at java.base/java.util.ArrayList.forEach(ArrayList.java:1511)
	at org.junit.platform.engine.support.hierarchical.SameThreadHierarchicalTestExecutorService.invokeAll(SameThreadHierarchicalTestExecutorService.java:41)
	at org.junit.platform.engine.support.hierarchical.NodeTestTask.lambda$executeRecursively$6(NodeTestTask.java:155)
	at org.junit.platform.engine.support.hierarchical.ThrowableCollector.execute(ThrowableCollector.java:73)
	at org.junit.platform.engine.support.hierarchical.NodeTestTask.lambda$executeRecursively$8(NodeTestTask.java:141)
	at org.junit.platform.engine.support.hierarchical.Node.around(Node.java:137)
	at org.junit.platform.engine.support.hierarchical.NodeTestTask.lambda$executeRecursively$9(NodeTestTask.java:139)
	at org.junit.platform.engine.support.hierarchical.ThrowableCollector.execute(ThrowableCollector.java:73)
	at org.junit.platform.engine.support.hierarchical.NodeTestTask.executeRecursively(NodeTestTask.java:138)
	at org.junit.platform.engine.support.hierarchical.NodeTestTask.execute(NodeTestTask.java:95)
	at java.base/java.util.ArrayList.forEach(ArrayList.java:1511)
	at org.junit.platform.engine.support.hierarchical.SameThreadHierarchicalTestExecutorService.invokeAll(SameThreadHierarchicalTestExecutorService.java:41)
	at org.junit.platform.engine.support.hierarchical.NodeTestTask.lambda$executeRecursively$6(NodeTestTask.java:155)
	at org.junit.platform.engine.support.hierarchical.ThrowableCollector.execute(ThrowableCollector.java:73)
	at org.junit.platform.engine.support.hierarchical.NodeTestTask.lambda$executeRecursively$8(NodeTestTask.java:141)
	at org.junit.platform.engine.support.hierarchical.Node.around(Node.java:137)
	at org.junit.platform.engine.support.hierarchical.NodeTestTask.lambda$executeRecursively$9(NodeTestTask.java:139)
	at org.junit.platform.engine.support.hierarchical.ThrowableCollector.execute(ThrowableCollector.java:73)
	at org.junit.platform.engine.support.hierarchical.NodeTestTask.executeRecursively(NodeTestTask.java:138)
	at org.junit.platform.engine.support.hierarchical.NodeTestTask.execute(NodeTestTask.java:95)
	at org.junit.platform.engine.support.hierarchical.SameThreadHierarchicalTestExecutorService.submit(SameThreadHierarchicalTestExecutorService.java:35)
	at org.junit.platform.engine.support.hierarchical.HierarchicalTestExecutor.execute(HierarchicalTestExecutor.java:57)
	at org.junit.platform.engine.support.hierarchical.HierarchicalTestEngine.execute(HierarchicalTestEngine.java:54)
	at org.junit.platform.launcher.core.EngineExecutionOrchestrator.execute(EngineExecutionOrchestrator.java:198)
	at org.junit.platform.launcher.core.EngineExecutionOrchestrator.execute(EngineExecutionOrchestrator.java:169)
	at org.junit.platform.launcher.core.EngineExecutionOrchestrator.execute(EngineExecutionOrchestrator.java:93)
	at org.junit.platform.launcher.core.EngineExecutionOrchestrator.lambda$execute$0(EngineExecutionOrchestrator.java:58)
	at org.junit.platform.launcher.core.EngineExecutionOrchestrator.withInterceptedStreams(EngineExecutionOrchestrator.java:141)
	at org.junit.platform.launcher.core.EngineExecutionOrchestrator.execute(EngineExecutionOrchestrator.java:57)
	at org.junit.platform.launcher.core.DefaultLauncher.execute(DefaultLauncher.java:103)
	at org.junit.platform.launcher.core.DefaultLauncher.execute(DefaultLauncher.java:85)
	at org.junit.platform.launcher.core.DelegatingLauncher.execute(DelegatingLauncher.java:47)
	at org.apache.maven.surefire.junitplatform.LazyLauncher.execute(LazyLauncher.java:56)
	at org.apache.maven.surefire.junitplatform.JUnitPlatformProvider.execute(JUnitPlatformProvider.java:184)
	at org.apache.maven.surefire.junitplatform.JUnitPlatformProvider.invokeAllTests(JUnitPlatformProvider.java:148)
	at org.apache.maven.surefire.junitplatform.JUnitPlatformProvider.invoke(JUnitPlatformProvider.java:122)
	at org.apache.maven.surefire.booter.ForkedBooter.runSuitesInProcess(ForkedBooter.java:385)
	at org.apache.maven.surefire.booter.ForkedBooter.execute(ForkedBooter.java:162)
	at org.apache.maven.surefire.booter.ForkedBooter.run(ForkedBooter.java:507)
	at org.apache.maven.surefire.booter.ForkedBooter.main(ForkedBooter.java:495)

[INFO] Tests run: 17, Failures: 0, Errors: 0, Skipped: 0, Time elapsed: 0.033 s -- in com.acme.modres.mbean.reservation.ReservationCheckerDataTest
[INFO] Running com.acme.modres.WeatherServletTest
[ERROR] Tests run: 12, Failures: 1, Errors: 11, Skipped: 0, Time elapsed: 0.221 s <<< FAILURE! -- in com.acme.modres.WeatherServletTest
[ERROR] com.acme.modres.WeatherServletTest.testDoGet_withMiami -- Time elapsed: 0.177 s <<< ERROR!
java.lang.IllegalArgumentException: Argument impact can only be one of ACTION, ACTION_INFO, INFO, or UNKNOWN given value is :10
	at java.management/javax.management.MBeanOperationInfo.<init>(MBeanOperationInfo.java:164)
	at com.acme.modres.mbean.DMBeanUtils.getOps(DMBeanUtils.java:28)
	at com.acme.modres.mbean.AppInfo.buildDMBeanInfo(AppInfo.java:32)
	at com.acme.modres.mbean.AppInfo.<init>(AppInfo.java:21)
	at com.acme.modres.WeatherServlet.init(WeatherServlet.java:72)
	at com.acme.modres.WeatherServletTest.testDoGet_withMiami(WeatherServletTest.java:98)
	at java.base/java.lang.reflect.Method.invoke(Method.java:569)
	at java.base/java.util.ArrayList.forEach(ArrayList.java:1511)
	at java.base/java.util.ArrayList.forEach(ArrayList.java:1511)

[ERROR] com.acme.modres.WeatherServletTest.testDoGet_withParis -- Time elapsed: 0.003 s <<< ERROR!
java.lang.IllegalArgumentException: Argument impact can only be one of ACTION, ACTION_INFO, INFO, or UNKNOWN given value is :10
	at java.management/javax.management.MBeanOperationInfo.<init>(MBeanOperationInfo.java:164)
	at com.acme.modres.mbean.DMBeanUtils.getOps(DMBeanUtils.java:28)
	at com.acme.modres.mbean.AppInfo.buildDMBeanInfo(AppInfo.java:32)
	at com.acme.modres.mbean.AppInfo.<init>(AppInfo.java:21)
	at com.acme.modres.WeatherServlet.init(WeatherServlet.java:72)
	at com.acme.modres.WeatherServletTest.testDoGet_withParis(WeatherServletTest.java:68)
	at java.base/java.lang.reflect.Method.invoke(Method.java:569)
	at java.base/java.util.ArrayList.forEach(ArrayList.java:1511)
	at java.base/java.util.ArrayList.forEach(ArrayList.java:1511)

[ERROR] com.acme.modres.WeatherServletTest.testDoGet_withBarcelona -- Time elapsed: 0.003 s <<< ERROR!
java.lang.IllegalArgumentException: Argument impact can only be one of ACTION, ACTION_INFO, INFO, or UNKNOWN given value is :10
	at java.management/javax.management.MBeanOperationInfo.<init>(MBeanOperationInfo.java:164)
	at com.acme.modres.mbean.DMBeanUtils.getOps(DMBeanUtils.java:28)
	at com.acme.modres.mbean.AppInfo.buildDMBeanInfo(AppInfo.java:32)
	at com.acme.modres.mbean.AppInfo.<init>(AppInfo.java:21)
	at com.acme.modres.WeatherServlet.init(WeatherServlet.java:72)
	at com.acme.modres.WeatherServletTest.testDoGet_withBarcelona(WeatherServletTest.java:118)
	at java.base/java.lang.reflect.Method.invoke(Method.java:569)
	at java.base/java.util.ArrayList.forEach(ArrayList.java:1511)
	at java.base/java.util.ArrayList.forEach(ArrayList.java:1511)

[ERROR] com.acme.modres.WeatherServletTest.testDoGet_withCork -- Time elapsed: 0.002 s <<< ERROR!
java.lang.IllegalArgumentException: Argument impact can only be one of ACTION, ACTION_INFO, INFO, or UNKNOWN given value is :10
	at java.management/javax.management.MBeanOperationInfo.<init>(MBeanOperationInfo.java:164)
	at com.acme.modres.mbean.DMBeanUtils.getOps(DMBeanUtils.java:28)
	at com.acme.modres.mbean.AppInfo.buildDMBeanInfo(AppInfo.java:32)
	at com.acme.modres.mbean.AppInfo.<init>(AppInfo.java:21)
	at com.acme.modres.WeatherServlet.init(WeatherServlet.java:72)
	at com.acme.modres.WeatherServletTest.testDoGet_withCork(WeatherServletTest.java:108)
	at java.base/java.lang.reflect.Method.invoke(Method.java:569)
	at java.base/java.util.ArrayList.forEach(ArrayList.java:1511)
	at java.base/java.util.ArrayList.forEach(ArrayList.java:1511)

[ERROR] com.acme.modres.WeatherServletTest.testInit -- Time elapsed: 0.006 s <<< FAILURE!
org.opentest4j.AssertionFailedError: Unexpected exception thrown: java.lang.IllegalArgumentException: Argument impact can only be one of ACTION, ACTION_INFO, INFO, or UNKNOWN given value is :10
	at org.junit.jupiter.api.AssertionFailureBuilder.build(AssertionFailureBuilder.java:152)
	at org.junit.jupiter.api.AssertDoesNotThrow.createAssertionFailedError(AssertDoesNotThrow.java:84)
	at org.junit.jupiter.api.AssertDoesNotThrow.assertDoesNotThrow(AssertDoesNotThrow.java:53)
	at org.junit.jupiter.api.AssertDoesNotThrow.assertDoesNotThrow(AssertDoesNotThrow.java:36)
	at org.junit.jupiter.api.Assertions.assertDoesNotThrow(Assertions.java:3164)
	at com.acme.modres.WeatherServletTest.testInit(WeatherServletTest.java:45)
	at java.base/java.lang.reflect.Method.invoke(Method.java:569)
	at java.base/java.util.ArrayList.forEach(ArrayList.java:1511)
	at java.base/java.util.ArrayList.forEach(ArrayList.java:1511)
Caused by: java.lang.IllegalArgumentException: Argument impact can only be one of ACTION, ACTION_INFO, INFO, or UNKNOWN given value is :10
	at java.management/javax.management.MBeanOperationInfo.<init>(MBeanOperationInfo.java:164)
	at com.acme.modres.mbean.DMBeanUtils.getOps(DMBeanUtils.java:28)
	at com.acme.modres.mbean.AppInfo.buildDMBeanInfo(AppInfo.java:32)
	at com.acme.modres.mbean.AppInfo.<init>(AppInfo.java:21)
	at com.acme.modres.WeatherServlet.init(WeatherServlet.java:72)
	at com.acme.modres.WeatherServletTest.lambda$testInit$0(WeatherServletTest.java:45)
	at org.junit.jupiter.api.AssertDoesNotThrow.assertDoesNotThrow(AssertDoesNotThrow.java:49)
	... 6 more

[ERROR] com.acme.modres.WeatherServletTest.testDoGet_withSanFrancisco -- Time elapsed: 0.003 s <<< ERROR!
java.lang.IllegalArgumentException: Argument impact can only be one of ACTION, ACTION_INFO, INFO, or UNKNOWN given value is :10
	at java.management/javax.management.MBeanOperationInfo.<init>(MBeanOperationInfo.java:164)
	at com.acme.modres.mbean.DMBeanUtils.getOps(DMBeanUtils.java:28)
	at com.acme.modres.mbean.AppInfo.buildDMBeanInfo(AppInfo.java:32)
	at com.acme.modres.mbean.AppInfo.<init>(AppInfo.java:21)
	at com.acme.modres.WeatherServlet.init(WeatherServlet.java:72)
	at com.acme.modres.WeatherServletTest.testDoGet_withSanFrancisco(WeatherServletTest.java:88)
	at java.base/java.lang.reflect.Method.invoke(Method.java:569)
	at java.base/java.util.ArrayList.forEach(ArrayList.java:1511)
	at java.base/java.util.ArrayList.forEach(ArrayList.java:1511)

[ERROR] com.acme.modres.WeatherServletTest.testDoGet_withValidCity -- Time elapsed: 0.003 s <<< ERROR!
java.lang.IllegalArgumentException: Argument impact can only be one of ACTION, ACTION_INFO, INFO, or UNKNOWN given value is :10
	at java.management/javax.management.MBeanOperationInfo.<init>(MBeanOperationInfo.java:164)
	at com.acme.modres.mbean.DMBeanUtils.getOps(DMBeanUtils.java:28)
	at com.acme.modres.mbean.AppInfo.buildDMBeanInfo(AppInfo.java:32)
	at com.acme.modres.mbean.AppInfo.<init>(AppInfo.java:21)
	at com.acme.modres.WeatherServlet.init(WeatherServlet.java:72)
	at com.acme.modres.WeatherServletTest.testDoGet_withValidCity(WeatherServletTest.java:58)
	at java.base/java.lang.reflect.Method.invoke(Method.java:569)
	at java.base/java.util.ArrayList.forEach(ArrayList.java:1511)
	at java.base/java.util.ArrayList.forEach(ArrayList.java:1511)

[ERROR] com.acme.modres.WeatherServletTest.testDoPost_callsDoGet -- Time elapsed: 0.003 s <<< ERROR!
java.lang.IllegalArgumentException: Argument impact can only be one of ACTION, ACTION_INFO, INFO, or UNKNOWN given value is :10
	at java.management/javax.management.MBeanOperationInfo.<init>(MBeanOperationInfo.java:164)
	at com.acme.modres.mbean.DMBeanUtils.getOps(DMBeanUtils.java:28)
	at com.acme.modres.mbean.AppInfo.buildDMBeanInfo(AppInfo.java:32)
	at com.acme.modres.mbean.AppInfo.<init>(AppInfo.java:21)
	at com.acme.modres.WeatherServlet.init(WeatherServlet.java:72)
	at com.acme.modres.WeatherServletTest.testDoPost_callsDoGet(WeatherServletTest.java:128)
	at java.base/java.lang.reflect.Method.invoke(Method.java:569)
	at java.base/java.util.ArrayList.forEach(ArrayList.java:1511)
	at java.base/java.util.ArrayList.forEach(ArrayList.java:1511)

[ERROR] com.acme.modres.WeatherServletTest.testDestroy -- Time elapsed: 0.003 s <<< ERROR!
java.lang.IllegalArgumentException: Argument impact can only be one of ACTION, ACTION_INFO, INFO, or UNKNOWN given value is :10
	at java.management/javax.management.MBeanOperationInfo.<init>(MBeanOperationInfo.java:164)
	at com.acme.modres.mbean.DMBeanUtils.getOps(DMBeanUtils.java:28)
	at com.acme.modres.mbean.AppInfo.buildDMBeanInfo(AppInfo.java:32)
	at com.acme.modres.mbean.AppInfo.<init>(AppInfo.java:21)
	at com.acme.modres.WeatherServlet.init(WeatherServlet.java:72)
	at com.acme.modres.WeatherServletTest.testDestroy(WeatherServletTest.java:50)
	at java.base/java.lang.reflect.Method.invoke(Method.java:569)
	at java.base/java.util.ArrayList.forEach(ArrayList.java:1511)
	at java.base/java.util.ArrayList.forEach(ArrayList.java:1511)

[ERROR] com.acme.modres.WeatherServletTest.testDoGet_setsJsonContentType -- Time elapsed: 0.004 s <<< ERROR!
java.lang.IllegalArgumentException: Argument impact can only be one of ACTION, ACTION_INFO, INFO, or UNKNOWN given value is :10
	at java.management/javax.management.MBeanOperationInfo.<init>(MBeanOperationInfo.java:164)
	at com.acme.modres.mbean.DMBeanUtils.getOps(DMBeanUtils.java:28)
	at com.acme.modres.mbean.AppInfo.buildDMBeanInfo(AppInfo.java:32)
	at com.acme.modres.mbean.AppInfo.<init>(AppInfo.java:21)
	at com.acme.modres.WeatherServlet.init(WeatherServlet.java:72)
	at com.acme.modres.WeatherServletTest.testDoGet_setsJsonContentType(WeatherServletTest.java:138)
	at java.base/java.lang.reflect.Method.invoke(Method.java:569)
	at java.base/java.util.ArrayList.forEach(ArrayList.java:1511)
	at java.base/java.util.ArrayList.forEach(ArrayList.java:1511)

[ERROR] com.acme.modres.WeatherServletTest.testDoGet_withNullCity -- Time elapsed: 0.003 s <<< ERROR!
java.lang.IllegalArgumentException: Argument impact can only be one of ACTION, ACTION_INFO, INFO, or UNKNOWN given value is :10
	at java.management/javax.management.MBeanOperationInfo.<init>(MBeanOperationInfo.java:164)
	at com.acme.modres.mbean.DMBeanUtils.getOps(DMBeanUtils.java:28)
	at com.acme.modres.mbean.AppInfo.buildDMBeanInfo(AppInfo.java:32)
	at com.acme.modres.mbean.AppInfo.<init>(AppInfo.java:21)
	at com.acme.modres.WeatherServlet.init(WeatherServlet.java:72)
	at com.acme.modres.WeatherServletTest.testDoGet_withNullCity(WeatherServletTest.java:148)
	at java.base/java.lang.reflect.Method.invoke(Method.java:569)
	at java.base/java.util.ArrayList.forEach(ArrayList.java:1511)
	at java.base/java.util.ArrayList.forEach(ArrayList.java:1511)

[ERROR] com.acme.modres.WeatherServletTest.testDoGet_withLasVegas -- Time elapsed: 0.003 s <<< ERROR!
java.lang.IllegalArgumentException: Argument impact can only be one of ACTION, ACTION_INFO, INFO, or UNKNOWN given value is :10
	at java.management/javax.management.MBeanOperationInfo.<init>(MBeanOperationInfo.java:164)
	at com.acme.modres.mbean.DMBeanUtils.getOps(DMBeanUtils.java:28)
	at com.acme.modres.mbean.AppInfo.buildDMBeanInfo(AppInfo.java:32)
	at com.acme.modres.mbean.AppInfo.<init>(AppInfo.java:21)
	at com.acme.modres.WeatherServlet.init(WeatherServlet.java:72)
	at com.acme.modres.WeatherServletTest.testDoGet_withLasVegas(WeatherServletTest.java:78)
	at java.base/java.lang.reflect.Method.invoke(Method.java:569)
	at java.base/java.util.ArrayList.forEach(ArrayList.java:1511)
	at java.base/java.util.ArrayList.forEach(ArrayList.java:1511)

[INFO] Running com.acme.modres.security.FakeX509TrustManagerTest
[INFO] Tests run: 3, Failures: 0, Errors: 0, Skipped: 0, Time elapsed: 0.005 s -- in com.acme.modres.security.FakeX509TrustManagerTest
[INFO] Running com.acme.modres.security.SSLUtilsTest
[INFO] Tests run: 3, Failures: 0, Errors: 0, Skipped: 0, Time elapsed: 0.003 s -- in com.acme.modres.security.SSLUtilsTest
[INFO] Running com.acme.modres.security.ServiceTest
Jul 20, 2026 7:42:47 AM com.acme.modres.security.Service operation
INFO: Operation is executed
Operation is executed
Jul 20, 2026 7:42:47 AM com.acme.modres.security.Service operation
INFO: Operation is executed
Operation is executed
Jul 20, 2026 7:42:47 AM com.acme.modres.security.Service operation
INFO: Operation is executed
Operation is executed
Jul 20, 2026 7:42:47 AM com.acme.modres.security.Service operation
INFO: Operation is executed
Operation is executed
Jul 20, 2026 7:42:47 AM com.acme.modres.security.Service operation
INFO: Operation is executed
Operation is executed
Jul 20, 2026 7:42:47 AM com.acme.modres.security.Service operation
INFO: Operation is executed
Operation is executed
[INFO] Tests run: 9, Failures: 0, Errors: 0, Skipped: 0, Time elapsed: 0.013 s -- in com.acme.modres.security.ServiceTest
[INFO] Running com.acme.modres.security.CustomPermissionTest
[ERROR] Tests run: 10, Failures: 0, Errors: 1, Skipped: 0, Time elapsed: 0.011 s <<< FAILURE! -- in com.acme.modres.security.CustomPermissionTest
[ERROR] com.acme.modres.security.CustomPermissionTest.testConstructor_withEmptyName -- Time elapsed: 0.001 s <<< ERROR!
java.lang.IllegalArgumentException: name can't be empty
	at java.base/java.security.BasicPermission.init(BasicPermission.java:94)
	at java.base/java.security.BasicPermission.<init>(BasicPermission.java:131)
	at com.acme.modres.security.CustomPermission.<init>(CustomPermission.java:7)
	at com.acme.modres.security.CustomPermissionTest.testConstructor_withEmptyName(CustomPermissionTest.java:31)
	at java.base/java.lang.reflect.Method.invoke(Method.java:569)
	at java.base/java.util.ArrayList.forEach(ArrayList.java:1511)
	at java.base/java.util.ArrayList.forEach(ArrayList.java:1511)

[INFO] Running com.acme.modres.db.ModResortsCustomerInformationTest
[ERROR] Tests run: 5, Failures: 1, Errors: 4, Skipped: 0, Time elapsed: 0.676 s <<< FAILURE! -- in com.acme.modres.db.ModResortsCustomerInformationTest
[ERROR] com.acme.modres.db.ModResortsCustomerInformationTest.testGetCustomerInformation_withNullDataSource_returnsEmptyList -- Time elapsed: 0.666 s <<< ERROR!
java.lang.NullPointerException: Cannot invoke "javax.sql.DataSource.getConnection()" because "<local2>.dataSource" is null
	at com.acme.modres.db.ModResortsCustomerInformation.getCustomerInformation(ModResortsCustomerInformation.java:29)
	at com.acme.modres.db.ModResortsCustomerInformationTest.testGetCustomerInformation_withNullDataSource_returnsEmptyList(ModResortsCustomerInformationTest.java:43)
	at java.base/java.lang.reflect.Method.invoke(Method.java:569)
	at java.base/java.util.ArrayList.forEach(ArrayList.java:1511)
	at java.base/java.util.ArrayList.forEach(ArrayList.java:1511)

[ERROR] com.acme.modres.db.ModResortsCustomerInformationTest.testGetCustomerInformation_returnsArrayList -- Time elapsed: 0.001 s <<< ERROR!
java.lang.NullPointerException: Cannot invoke "javax.sql.DataSource.getConnection()" because "<local2>.dataSource" is null
	at com.acme.modres.db.ModResortsCustomerInformation.getCustomerInformation(ModResortsCustomerInformation.java:29)
	at com.acme.modres.db.ModResortsCustomerInformationTest.testGetCustomerInformation_returnsArrayList(ModResortsCustomerInformationTest.java:51)
	at java.base/java.lang.reflect.Method.invoke(Method.java:569)
	at java.base/java.util.ArrayList.forEach(ArrayList.java:1511)
	at java.base/java.util.ArrayList.forEach(ArrayList.java:1511)

[ERROR] com.acme.modres.db.ModResortsCustomerInformationTest.testGetCustomerInformation_emptyResultWhenNoDataSource -- Time elapsed: 0.001 s <<< ERROR!
java.lang.NullPointerException: Cannot invoke "javax.sql.DataSource.getConnection()" because "<local2>.dataSource" is null
	at com.acme.modres.db.ModResortsCustomerInformation.getCustomerInformation(ModResortsCustomerInformation.java:29)
	at com.acme.modres.db.ModResortsCustomerInformationTest.testGetCustomerInformation_emptyResultWhenNoDataSource(ModResortsCustomerInformationTest.java:73)
	at java.base/java.lang.reflect.Method.invoke(Method.java:569)
	at java.base/java.util.ArrayList.forEach(ArrayList.java:1511)
	at java.base/java.util.ArrayList.forEach(ArrayList.java:1511)

[ERROR] com.acme.modres.db.ModResortsCustomerInformationTest.testGetCustomerInformation_returnsNonNullList -- Time elapsed: 0.001 s <<< ERROR!
java.lang.NullPointerException: Cannot invoke "javax.sql.DataSource.getConnection()" because "<local2>.dataSource" is null
	at com.acme.modres.db.ModResortsCustomerInformation.getCustomerInformation(ModResortsCustomerInformation.java:29)
	at com.acme.modres.db.ModResortsCustomerInformationTest.testGetCustomerInformation_returnsNonNullList(ModResortsCustomerInformationTest.java:66)
	at java.base/java.lang.reflect.Method.invoke(Method.java:569)
	at java.base/java.util.ArrayList.forEach(ArrayList.java:1511)
	at java.base/java.util.ArrayList.forEach(ArrayList.java:1511)

[ERROR] com.acme.modres.db.ModResortsCustomerInformationTest.testGetCustomerInformation_handlesNullDataSource -- Time elapsed: 0.002 s <<< FAILURE!
org.opentest4j.AssertionFailedError: Unexpected exception thrown: java.lang.NullPointerException: Cannot invoke "javax.sql.DataSource.getConnection()" because "<local2>.dataSource" is null
	at org.junit.jupiter.api.AssertionFailureBuilder.build(AssertionFailureBuilder.java:152)
	at org.junit.jupiter.api.AssertDoesNotThrow.createAssertionFailedError(AssertDoesNotThrow.java:84)
	at org.junit.jupiter.api.AssertDoesNotThrow.assertDoesNotThrow(AssertDoesNotThrow.java:53)
	at org.junit.jupiter.api.AssertDoesNotThrow.assertDoesNotThrow(AssertDoesNotThrow.java:36)
	at org.junit.jupiter.api.Assertions.assertDoesNotThrow(Assertions.java:3164)
	at com.acme.modres.db.ModResortsCustomerInformationTest.testGetCustomerInformation_handlesNullDataSource(ModResortsCustomerInformationTest.java:59)
	at java.base/java.lang.reflect.Method.invoke(Method.java:569)
	at java.base/java.util.ArrayList.forEach(ArrayList.java:1511)
	at java.base/java.util.ArrayList.forEach(ArrayList.java:1511)
Caused by: java.lang.NullPointerException: Cannot invoke "javax.sql.DataSource.getConnection()" because "<local2>.dataSource" is null
	at com.acme.modres.db.ModResortsCustomerInformation.getCustomerInformation(ModResortsCustomerInformation.java:29)
	at com.acme.modres.db.ModResortsCustomerInformationTest.lambda$testGetCustomerInformation_handlesNullDataSource$0(ModResortsCustomerInformationTest.java:60)
	at org.junit.jupiter.api.AssertDoesNotThrow.assertDoesNotThrow(AssertDoesNotThrow.java:49)
	... 6 more

[INFO] Running com.acme.modres.ConstantsTest
[INFO] Tests run: 9, Failures: 0, Errors: 0, Skipped: 0, Time elapsed: 0.007 s -- in com.acme.modres.ConstantsTest
[INFO] Running com.acme.modres.UpperServletTest
[INFO] Tests run: 10, Failures: 0, Errors: 0, Skipped: 0, Time elapsed: 0.017 s -- in com.acme.modres.UpperServletTest
[INFO] Running com.acme.modres.exception.ExceptionHandlerTest
[INFO] Tests run: 8, Failures: 0, Errors: 0, Skipped: 0, Time elapsed: 0.213 s -- in com.acme.modres.exception.ExceptionHandlerTest
[INFO] Running com.acme.modres.AvailabilityCheckerServletTest
Jul 20, 2026 7:42:48 AM com.acme.modres.AvailabilityCheckerServlet exportRevervations
SEVERE: IO error during export
java.util.zip.ZipException: zip END header not found
	at java.base/java.util.zip.ZipFile$Source.findEND(ZipFile.java:1637)
	at java.base/java.util.zip.ZipFile$Source.initCEN(ZipFile.java:1645)
	at java.base/java.util.zip.ZipFile$Source.<init>(ZipFile.java:1483)
	at java.base/java.util.zip.ZipFile$Source.get(ZipFile.java:1445)
	at java.base/java.util.zip.ZipFile$CleanableResource.<init>(ZipFile.java:717)
	at java.base/java.util.zip.ZipFile.<init>(ZipFile.java:251)
	at java.base/java.util.zip.ZipFile.<init>(ZipFile.java:180)
	at java.base/java.util.zip.ZipFile.<init>(ZipFile.java:194)
	at com.acme.modres.util.ZipValidator.<init>(ZipValidator.java:18)
	at com.acme.modres.AvailabilityCheckerServlet.exportRevervations(AvailabilityCheckerServlet.java:123)
	at com.acme.modres.AvailabilityCheckerServletTest.testExportReservations_withNullDate(AvailabilityCheckerServletTest.java:102)
	at java.base/jdk.internal.reflect.NativeMethodAccessorImpl.invoke0(Native Method)
	at java.base/jdk.internal.reflect.NativeMethodAccessorImpl.invoke(NativeMethodAccessorImpl.java:77)
	at java.base/jdk.internal.reflect.DelegatingMethodAccessorImpl.invoke(DelegatingMethodAccessorImpl.java:43)
	at java.base/java.lang.reflect.Method.invoke(Method.java:569)
	at org.junit.platform.commons.util.ReflectionUtils.invokeMethod(ReflectionUtils.java:728)
	at org.junit.jupiter.engine.execution.MethodInvocation.proceed(MethodInvocation.java:60)
	at org.junit.jupiter.engine.execution.InvocationInterceptorChain$ValidatingInvocation.proceed(InvocationInterceptorChain.java:131)
	at org.junit.jupiter.engine.extension.TimeoutExtension.intercept(TimeoutExtension.java:156)
	at org.junit.jupiter.engine.extension.TimeoutExtension.interceptTestableMethod(TimeoutExtension.java:147)
	at org.junit.jupiter.engine.extension.TimeoutExtension.interceptTestMethod(TimeoutExtension.java:86)
	at org.junit.jupiter.engine.execution.InterceptingExecutableInvoker$ReflectiveInterceptorCall.lambda$ofVoidMethod$0(InterceptingExecutableInvoker.java:103)
	at org.junit.jupiter.engine.execution.InterceptingExecutableInvoker.lambda$invoke$0(InterceptingExecutableInvoker.java:93)
	at org.junit.jupiter.engine.execution.InvocationInterceptorChain$InterceptedInvocation.proceed(InvocationInterceptorChain.java:106)
	at org.junit.jupiter.engine.execution.InvocationInterceptorChain.proceed(InvocationInterceptorChain.java:64)
	at org.junit.jupiter.engine.execution.InvocationInterceptorChain.chainAndInvoke(InvocationInterceptorChain.java:45)
	at org.junit.jupiter.engine.execution.InvocationInterceptorChain.invoke(InvocationInterceptorChain.java:37)
	at org.junit.jupiter.engine.execution.InterceptingExecutableInvoker.invoke(InterceptingExecutableInvoker.java:92)
	at org.junit.jupiter.engine.execution.InterceptingExecutableInvoker.invoke(InterceptingExecutableInvoker.java:86)
	at org.junit.jupiter.engine.descriptor.TestMethodTestDescriptor.lambda$invokeTestMethod$7(TestMethodTestDescriptor.java:218)
	at org.junit.platform.engine.support.hierarchical.ThrowableCollector.execute(ThrowableCollector.java:73)
	at org.junit.jupiter.engine.descriptor.TestMethodTestDescriptor.invokeTestMethod(TestMethodTestDescriptor.java:214)
	at org.junit.jupiter.engine.descriptor.TestMethodTestDescriptor.execute(TestMethodTestDescriptor.java:139)
	at org.junit.jupiter.engine.descriptor.TestMethodTestDescriptor.execute(TestMethodTestDescriptor.java:69)
	at org.junit.platform.engine.support.hierarchical.NodeTestTask.lambda$executeRecursively$6(NodeTestTask.java:151)
	at org.junit.platform.engine.support.hierarchical.ThrowableCollector.execute(ThrowableCollector.java:73)
	at org.junit.platform.engine.support.hierarchical.NodeTestTask.lambda$executeRecursively$8(NodeTestTask.java:141)
	at org.junit.platform.engine.support.hierarchical.Node.around(Node.java:137)
	at org.junit.platform.engine.support.hierarchical.NodeTestTask.lambda$executeRecursively$9(NodeTestTask.java:139)
	at org.junit.platform.engine.support.hierarchical.ThrowableCollector.execute(ThrowableCollector.java:73)
	at org.junit.platform.engine.support.hierarchical.NodeTestTask.executeRecursively(NodeTestTask.java:138)
	at org.junit.platform.engine.support.hierarchical.NodeTestTask.execute(NodeTestTask.java:95)
	at java.base/java.util.ArrayList.forEach(ArrayList.java:1511)
	at org.junit.platform.engine.support.hierarchical.SameThreadHierarchicalTestExecutorService.invokeAll(SameThreadHierarchicalTestExecutorService.java:41)
	at org.junit.platform.engine.support.hierarchical.NodeTestTask.lambda$executeRecursively$6(NodeTestTask.java:155)
	at org.junit.platform.engine.support.hierarchical.ThrowableCollector.execute(ThrowableCollector.java:73)
	at org.junit.platform.engine.support.hierarchical.NodeTestTask.lambda$executeRecursively$8(NodeTestTask.java:141)
	at org.junit.platform.engine.support.hierarchical.Node.around(Node.java:137)
	at org.junit.platform.engine.support.hierarchical.NodeTestTask.lambda$executeRecursively$9(NodeTestTask.java:139)
	at org.junit.platform.engine.support.hierarchical.ThrowableCollector.execute(ThrowableCollector.java:73)
	at org.junit.platform.engine.support.hierarchical.NodeTestTask.executeRecursively(NodeTestTask.java:138)
	at org.junit.platform.engine.support.hierarchical.NodeTestTask.execute(NodeTestTask.java:95)
	at java.base/java.util.ArrayList.forEach(ArrayList.java:1511)
	at org.junit.platform.engine.support.hierarchical.SameThreadHierarchicalTestExecutorService.invokeAll(SameThreadHierarchicalTestExecutorService.java:41)
	at org.junit.platform.engine.support.hierarchical.NodeTestTask.lambda$executeRecursively$6(NodeTestTask.java:155)
	at org.junit.platform.engine.support.hierarchical.ThrowableCollector.execute(ThrowableCollector.java:73)
	at org.junit.platform.engine.support.hierarchical.NodeTestTask.lambda$executeRecursively$8(NodeTestTask.java:141)
	at org.junit.platform.engine.support.hierarchical.Node.around(Node.java:137)
	at org.junit.platform.engine.support.hierarchical.NodeTestTask.lambda$executeRecursively$9(NodeTestTask.java:139)
	at org.junit.platform.engine.support.hierarchical.ThrowableCollector.execute(ThrowableCollector.java:73)
	at org.junit.platform.engine.support.hierarchical.NodeTestTask.executeRecursively(NodeTestTask.java:138)
	at org.junit.platform.engine.support.hierarchical.NodeTestTask.execute(NodeTestTask.java:95)
	at org.junit.platform.engine.support.hierarchical.SameThreadHierarchicalTestExecutorService.submit(SameThreadHierarchicalTestExecutorService.java:35)
	at org.junit.platform.engine.support.hierarchical.HierarchicalTestExecutor.execute(HierarchicalTestExecutor.java:57)
	at org.junit.platform.engine.support.hierarchical.HierarchicalTestEngine.execute(HierarchicalTestEngine.java:54)
	at org.junit.platform.launcher.core.EngineExecutionOrchestrator.execute(EngineExecutionOrchestrator.java:198)
	at org.junit.platform.launcher.core.EngineExecutionOrchestrator.execute(EngineExecutionOrchestrator.java:169)
	at org.junit.platform.launcher.core.EngineExecutionOrchestrator.execute(EngineExecutionOrchestrator.java:93)
	at org.junit.platform.launcher.core.EngineExecutionOrchestrator.lambda$execute$0(EngineExecutionOrchestrator.java:58)
	at org.junit.platform.launcher.core.EngineExecutionOrchestrator.withInterceptedStreams(EngineExecutionOrchestrator.java:141)
	at org.junit.platform.launcher.core.EngineExecutionOrchestrator.execute(EngineExecutionOrchestrator.java:57)
	at org.junit.platform.launcher.core.DefaultLauncher.execute(DefaultLauncher.java:103)
	at org.junit.platform.launcher.core.DefaultLauncher.execute(DefaultLauncher.java:85)
	at org.junit.platform.launcher.core.DelegatingLauncher.execute(DelegatingLauncher.java:47)
	at org.apache.maven.surefire.junitplatform.LazyLauncher.execute(LazyLauncher.java:56)
	at org.apache.maven.surefire.junitplatform.JUnitPlatformProvider.execute(JUnitPlatformProvider.java:184)
	at org.apache.maven.surefire.junitplatform.JUnitPlatformProvider.invokeAllTests(JUnitPlatformProvider.java:148)
	at org.apache.maven.surefire.junitplatform.JUnitPlatformProvider.invoke(JUnitPlatformProvider.java:122)
	at org.apache.maven.surefire.booter.ForkedBooter.runSuitesInProcess(ForkedBooter.java:385)
	at org.apache.maven.surefire.booter.ForkedBooter.execute(ForkedBooter.java:162)
	at org.apache.maven.surefire.booter.ForkedBooter.run(ForkedBooter.java:507)
	at org.apache.maven.surefire.booter.ForkedBooter.main(ForkedBooter.java:495)

Jul 20, 2026 7:42:48 AM com.acme.modres.mbean.reservation.ReservationCheckerData setSelectedDate
WARNING: Failed to parse date: invalid-date
java.text.ParseException: Unparseable date: "invalid-date"
	at java.base/java.text.DateFormat.parse(DateFormat.java:399)
	at com.acme.modres.mbean.reservation.ReservationCheckerData.setSelectedDate(ReservationCheckerData.java:32)
	at com.acme.modres.AvailabilityCheckerServlet.doGet(AvailabilityCheckerServlet.java:55)
	at com.acme.modres.AvailabilityCheckerServletTest.testDoGet_withInvalidDate_returns500(AvailabilityCheckerServletTest.java:69)
	at java.base/jdk.internal.reflect.NativeMethodAccessorImpl.invoke0(Native Method)
	at java.base/jdk.internal.reflect.NativeMethodAccessorImpl.invoke(NativeMethodAccessorImpl.java:77)
	at java.base/jdk.internal.reflect.DelegatingMethodAccessorImpl.invoke(DelegatingMethodAccessorImpl.java:43)
	at java.base/java.lang.reflect.Method.invoke(Method.java:569)
	at org.junit.platform.commons.util.ReflectionUtils.invokeMethod(ReflectionUtils.java:728)
	at org.junit.jupiter.engine.execution.MethodInvocation.proceed(MethodInvocation.java:60)
	at org.junit.jupiter.engine.execution.InvocationInterceptorChain$ValidatingInvocation.proceed(InvocationInterceptorChain.java:131)
	at org.junit.jupiter.engine.extension.TimeoutExtension.intercept(TimeoutExtension.java:156)
	at org.junit.jupiter.engine.extension.TimeoutExtension.interceptTestableMethod(TimeoutExtension.java:147)
	at org.junit.jupiter.engine.extension.TimeoutExtension.interceptTestMethod(TimeoutExtension.java:86)
	at org.junit.jupiter.engine.execution.InterceptingExecutableInvoker$ReflectiveInterceptorCall.lambda$ofVoidMethod$0(InterceptingExecutableInvoker.java:103)
	at org.junit.jupiter.engine.execution.InterceptingExecutableInvoker.lambda$invoke$0(InterceptingExecutableInvoker.java:93)
	at org.junit.jupiter.engine.execution.InvocationInterceptorChain$InterceptedInvocation.proceed(InvocationInterceptorChain.java:106)
	at org.junit.jupiter.engine.execution.InvocationInterceptorChain.proceed(InvocationInterceptorChain.java:64)
	at org.junit.jupiter.engine.execution.InvocationInterceptorChain.chainAndInvoke(InvocationInterceptorChain.java:45)
	at org.junit.jupiter.engine.execution.InvocationInterceptorChain.invoke(InvocationInterceptorChain.java:37)
	at org.junit.jupiter.engine.execution.InterceptingExecutableInvoker.invoke(InterceptingExecutableInvoker.java:92)
	at org.junit.jupiter.engine.execution.InterceptingExecutableInvoker.invoke(InterceptingExecutableInvoker.java:86)
	at org.junit.jupiter.engine.descriptor.TestMethodTestDescriptor.lambda$invokeTestMethod$7(TestMethodTestDescriptor.java:218)
	at org.junit.platform.engine.support.hierarchical.ThrowableCollector.execute(ThrowableCollector.java:73)
	at org.junit.jupiter.engine.descriptor.TestMethodTestDescriptor.invokeTestMethod(TestMethodTestDescriptor.java:214)
	at org.junit.jupiter.engine.descriptor.TestMethodTestDescriptor.execute(TestMethodTestDescriptor.java:139)
	at org.junit.jupiter.engine.descriptor.TestMethodTestDescriptor.execute(TestMethodTestDescriptor.java:69)
	at org.junit.platform.engine.support.hierarchical.NodeTestTask.lambda$executeRecursively$6(NodeTestTask.java:151)
	at org.junit.platform.engine.support.hierarchical.ThrowableCollector.execute(ThrowableCollector.java:73)
	at org.junit.platform.engine.support.hierarchical.NodeTestTask.lambda$executeRecursively$8(NodeTestTask.java:141)
	at org.junit.platform.engine.support.hierarchical.Node.around(Node.java:137)
	at org.junit.platform.engine.support.hierarchical.NodeTestTask.lambda$executeRecursively$9(NodeTestTask.java:139)
	at org.junit.platform.engine.support.hierarchical.ThrowableCollector.execute(ThrowableCollector.java:73)
	at org.junit.platform.engine.support.hierarchical.NodeTestTask.executeRecursively(NodeTestTask.java:138)
	at org.junit.platform.engine.support.hierarchical.NodeTestTask.execute(NodeTestTask.java:95)
	at java.base/java.util.ArrayList.forEach(ArrayList.java:1511)
	at org.junit.platform.engine.support.hierarchical.SameThreadHierarchicalTestExecutorService.invokeAll(SameThreadHierarchicalTestExecutorService.java:41)
	at org.junit.platform.engine.support.hierarchical.NodeTestTask.lambda$executeRecursively$6(NodeTestTask.java:155)
	at org.junit.platform.engine.support.hierarchical.ThrowableCollector.execute(ThrowableCollector.java:73)
	at org.junit.platform.engine.support.hierarchical.NodeTestTask.lambda$executeRecursively$8(NodeTestTask.java:141)
	at org.junit.platform.engine.support.hierarchical.Node.around(Node.java:137)
	at org.junit.platform.engine.support.hierarchical.NodeTestTask.lambda$executeRecursively$9(NodeTestTask.java:139)
	at org.junit.platform.engine.support.hierarchical.ThrowableCollector.execute(ThrowableCollector.java:73)
	at org.junit.platform.engine.support.hierarchical.NodeTestTask.executeRecursively(NodeTestTask.java:138)
	at org.junit.platform.engine.support.hierarchical.NodeTestTask.execute(NodeTestTask.java:95)
	at java.base/java.util.ArrayList.forEach(ArrayList.java:1511)
	at org.junit.platform.engine.support.hierarchical.SameThreadHierarchicalTestExecutorService.invokeAll(SameThreadHierarchicalTestExecutorService.java:41)
	at org.junit.platform.engine.support.hierarchical.NodeTestTask.lambda$executeRecursively$6(NodeTestTask.java:155)
	at org.junit.platform.engine.support.hierarchical.ThrowableCollector.execute(ThrowableCollector.java:73)
	at org.junit.platform.engine.support.hierarchical.NodeTestTask.lambda$executeRecursively$8(NodeTestTask.java:141)
	at org.junit.platform.engine.support.hierarchical.Node.around(Node.java:137)
	at org.junit.platform.engine.support.hierarchical.NodeTestTask.lambda$executeRecursively$9(NodeTestTask.java:139)
	at org.junit.platform.engine.support.hierarchical.ThrowableCollector.execute(ThrowableCollector.java:73)
	at org.junit.platform.engine.support.hierarchical.NodeTestTask.executeRecursively(NodeTestTask.java:138)
	at org.junit.platform.engine.support.hierarchical.NodeTestTask.execute(NodeTestTask.java:95)
	at org.junit.platform.engine.support.hierarchical.SameThreadHierarchicalTestExecutorService.submit(SameThreadHierarchicalTestExecutorService.java:35)
	at org.junit.platform.engine.support.hierarchical.HierarchicalTestExecutor.execute(HierarchicalTestExecutor.java:57)
	at org.junit.platform.engine.support.hierarchical.HierarchicalTestEngine.execute(HierarchicalTestEngine.java:54)
	at org.junit.platform.launcher.core.EngineExecutionOrchestrator.execute(EngineExecutionOrchestrator.java:198)
	at org.junit.platform.launcher.core.EngineExecutionOrchestrator.execute(EngineExecutionOrchestrator.java:169)
	at org.junit.platform.launcher.core.EngineExecutionOrchestrator.execute(EngineExecutionOrchestrator.java:93)
	at org.junit.platform.launcher.core.EngineExecutionOrchestrator.lambda$execute$0(EngineExecutionOrchestrator.java:58)
	at org.junit.platform.launcher.core.EngineExecutionOrchestrator.withInterceptedStreams(EngineExecutionOrchestrator.java:141)
	at org.junit.platform.launcher.core.EngineExecutionOrchestrator.execute(EngineExecutionOrchestrator.java:57)
	at org.junit.platform.launcher.core.DefaultLauncher.execute(DefaultLauncher.java:103)
	at org.junit.platform.launcher.core.DefaultLauncher.execute(DefaultLauncher.java:85)
	at org.junit.platform.launcher.core.DelegatingLauncher.execute(DelegatingLauncher.java:47)
	at org.apache.maven.surefire.junitplatform.LazyLauncher.execute(LazyLauncher.java:56)
	at org.apache.maven.surefire.junitplatform.JUnitPlatformProvider.execute(JUnitPlatformProvider.java:184)
	at org.apache.maven.surefire.junitplatform.JUnitPlatformProvider.invokeAllTests(JUnitPlatformProvider.java:148)
	at org.apache.maven.surefire.junitplatform.JUnitPlatformProvider.invoke(JUnitPlatformProvider.java:122)
	at org.apache.maven.surefire.booter.ForkedBooter.runSuitesInProcess(ForkedBooter.java:385)
	at org.apache.maven.surefire.booter.ForkedBooter.execute(ForkedBooter.java:162)
	at org.apache.maven.surefire.booter.ForkedBooter.run(ForkedBooter.java:507)
	at org.apache.maven.surefire.booter.ForkedBooter.main(ForkedBooter.java:495)

Jul 20, 2026 7:42:48 AM com.acme.modres.AvailabilityCheckerServlet exportRevervations
SEVERE: IO error during export
java.util.zip.ZipException: zip END header not found
	at java.base/java.util.zip.ZipFile$Source.findEND(ZipFile.java:1637)
	at java.base/java.util.zip.ZipFile$Source.initCEN(ZipFile.java:1645)
	at java.base/java.util.zip.ZipFile$Source.<init>(ZipFile.java:1483)
	at java.base/java.util.zip.ZipFile$Source.get(ZipFile.java:1445)
	at java.base/java.util.zip.ZipFile$CleanableResource.<init>(ZipFile.java:717)
	at java.base/java.util.zip.ZipFile.<init>(ZipFile.java:251)
	at java.base/java.util.zip.ZipFile.<init>(ZipFile.java:180)
	at java.base/java.util.zip.ZipFile.<init>(ZipFile.java:194)
	at com.acme.modres.util.ZipValidator.<init>(ZipValidator.java:18)
	at com.acme.modres.AvailabilityCheckerServlet.exportRevervations(AvailabilityCheckerServlet.java:123)
	at com.acme.modres.AvailabilityCheckerServletTest.testExportReservations_withEmptyDate(AvailabilityCheckerServletTest.java:108)
	at java.base/jdk.internal.reflect.NativeMethodAccessorImpl.invoke0(Native Method)
	at java.base/jdk.internal.reflect.NativeMethodAccessorImpl.invoke(NativeMethodAccessorImpl.java:77)
	at java.base/jdk.internal.reflect.DelegatingMethodAccessorImpl.invoke(DelegatingMethodAccessorImpl.java:43)
	at java.base/java.lang.reflect.Method.invoke(Method.java:569)
	at org.junit.platform.commons.util.ReflectionUtils.invokeMethod(ReflectionUtils.java:728)
	at org.junit.jupiter.engine.execution.MethodInvocation.proceed(MethodInvocation.java:60)
	at org.junit.jupiter.engine.execution.InvocationInterceptorChain$ValidatingInvocation.proceed(InvocationInterceptorChain.java:131)
	at org.junit.jupiter.engine.extension.TimeoutExtension.intercept(TimeoutExtension.java:156)
	at org.junit.jupiter.engine.extension.TimeoutExtension.interceptTestableMethod(TimeoutExtension.java:147)
	at org.junit.jupiter.engine.extension.TimeoutExtension.interceptTestMethod(TimeoutExtension.java:86)
	at org.junit.jupiter.engine.execution.InterceptingExecutableInvoker$ReflectiveInterceptorCall.lambda$ofVoidMethod$0(InterceptingExecutableInvoker.java:103)
	at org.junit.jupiter.engine.execution.InterceptingExecutableInvoker.lambda$invoke$0(InterceptingExecutableInvoker.java:93)
	at org.junit.jupiter.engine.execution.InvocationInterceptorChain$InterceptedInvocation.proceed(InvocationInterceptorChain.java:106)
	at org.junit.jupiter.engine.execution.InvocationInterceptorChain.proceed(InvocationInterceptorChain.java:64)
	at org.junit.jupiter.engine.execution.InvocationInterceptorChain.chainAndInvoke(InvocationInterceptorChain.java:45)
	at org.junit.jupiter.engine.execution.InvocationInterceptorChain.invoke(InvocationInterceptorChain.java:37)
	at org.junit.jupiter.engine.execution.InterceptingExecutableInvoker.invoke(InterceptingExecutableInvoker.java:92)
	at org.junit.jupiter.engine.execution.InterceptingExecutableInvoker.invoke(InterceptingExecutableInvoker.java:86)
	at org.junit.jupiter.engine.descriptor.TestMethodTestDescriptor.lambda$invokeTestMethod$7(TestMethodTestDescriptor.java:218)
	at org.junit.platform.engine.support.hierarchical.ThrowableCollector.execute(ThrowableCollector.java:73)
	at org.junit.jupiter.engine.descriptor.TestMethodTestDescriptor.invokeTestMethod(TestMethodTestDescriptor.java:214)
	at org.junit.jupiter.engine.descriptor.TestMethodTestDescriptor.execute(TestMethodTestDescriptor.java:139)
	at org.junit.jupiter.engine.descriptor.TestMethodTestDescriptor.execute(TestMethodTestDescriptor.java:69)
	at org.junit.platform.engine.support.hierarchical.NodeTestTask.lambda$executeRecursively$6(NodeTestTask.java:151)
	at org.junit.platform.engine.support.hierarchical.ThrowableCollector.execute(ThrowableCollector.java:73)
	at org.junit.platform.engine.support.hierarchical.NodeTestTask.lambda$executeRecursively$8(NodeTestTask.java:141)
	at org.junit.platform.engine.support.hierarchical.Node.around(Node.java:137)
	at org.junit.platform.engine.support.hierarchical.NodeTestTask.lambda$executeRecursively$9(NodeTestTask.java:139)
	at org.junit.platform.engine.support.hierarchical.ThrowableCollector.execute(ThrowableCollector.java:73)
	at org.junit.platform.engine.support.hierarchical.NodeTestTask.executeRecursively(NodeTestTask.java:138)
	at org.junit.platform.engine.support.hierarchical.NodeTestTask.execute(NodeTestTask.java:95)
	at java.base/java.util.ArrayList.forEach(ArrayList.java:1511)
	at org.junit.platform.engine.support.hierarchical.SameThreadHierarchicalTestExecutorService.invokeAll(SameThreadHierarchicalTestExecutorService.java:41)
	at org.junit.platform.engine.support.hierarchical.NodeTestTask.lambda$executeRecursively$6(NodeTestTask.java:155)
	at org.junit.platform.engine.support.hierarchical.ThrowableCollector.execute(ThrowableCollector.java:73)
	at org.junit.platform.engine.support.hierarchical.NodeTestTask.lambda$executeRecursively$8(NodeTestTask.java:141)
	at org.junit.platform.engine.support.hierarchical.Node.around(Node.java:137)
	at org.junit.platform.engine.support.hierarchical.NodeTestTask.lambda$executeRecursively$9(NodeTestTask.java:139)
	at org.junit.platform.engine.support.hierarchical.ThrowableCollector.execute(ThrowableCollector.java:73)
	at org.junit.platform.engine.support.hierarchical.NodeTestTask.executeRecursively(NodeTestTask.java:138)
	at org.junit.platform.engine.support.hierarchical.NodeTestTask.execute(NodeTestTask.java:95)
	at java.base/java.util.ArrayList.forEach(ArrayList.java:1511)
	at org.junit.platform.engine.support.hierarchical.SameThreadHierarchicalTestExecutorService.invokeAll(SameThreadHierarchicalTestExecutorService.java:41)
	at org.junit.platform.engine.support.hierarchical.NodeTestTask.lambda$executeRecursively$6(NodeTestTask.java:155)
	at org.junit.platform.engine.support.hierarchical.ThrowableCollector.execute(ThrowableCollector.java:73)
	at org.junit.platform.engine.support.hierarchical.NodeTestTask.lambda$executeRecursively$8(NodeTestTask.java:141)
	at org.junit.platform.engine.support.hierarchical.Node.around(Node.java:137)
	at org.junit.platform.engine.support.hierarchical.NodeTestTask.lambda$executeRecursively$9(NodeTestTask.java:139)
	at org.junit.platform.engine.support.hierarchical.ThrowableCollector.execute(ThrowableCollector.java:73)
	at org.junit.platform.engine.support.hierarchical.NodeTestTask.executeRecursively(NodeTestTask.java:138)
	at org.junit.platform.engine.support.hierarchical.NodeTestTask.execute(NodeTestTask.java:95)
	at org.junit.platform.engine.support.hierarchical.SameThreadHierarchicalTestExecutorService.submit(SameThreadHierarchicalTestExecutorService.java:35)
	at org.junit.platform.engine.support.hierarchical.HierarchicalTestExecutor.execute(HierarchicalTestExecutor.java:57)
	at org.junit.platform.engine.support.hierarchical.HierarchicalTestEngine.execute(HierarchicalTestEngine.java:54)
	at org.junit.platform.launcher.core.EngineExecutionOrchestrator.execute(EngineExecutionOrchestrator.java:198)
	at org.junit.platform.launcher.core.EngineExecutionOrchestrator.execute(EngineExecutionOrchestrator.java:169)
	at org.junit.platform.launcher.core.EngineExecutionOrchestrator.execute(EngineExecutionOrchestrator.java:93)
	at org.junit.platform.launcher.core.EngineExecutionOrchestrator.lambda$execute$0(EngineExecutionOrchestrator.java:58)
	at org.junit.platform.launcher.core.EngineExecutionOrchestrator.withInterceptedStreams(EngineExecutionOrchestrator.java:141)
	at org.junit.platform.launcher.core.EngineExecutionOrchestrator.execute(EngineExecutionOrchestrator.java:57)
	at org.junit.platform.launcher.core.DefaultLauncher.execute(DefaultLauncher.java:103)
	at org.junit.platform.launcher.core.DefaultLauncher.execute(DefaultLauncher.java:85)
	at org.junit.platform.launcher.core.DelegatingLauncher.execute(DelegatingLauncher.java:47)
	at org.apache.maven.surefire.junitplatform.LazyLauncher.execute(LazyLauncher.java:56)
	at org.apache.maven.surefire.junitplatform.JUnitPlatformProvider.execute(JUnitPlatformProvider.java:184)
	at org.apache.maven.surefire.junitplatform.JUnitPlatformProvider.invokeAllTests(JUnitPlatformProvider.java:148)
	at org.apache.maven.surefire.junitplatform.JUnitPlatformProvider.invoke(JUnitPlatformProvider.java:122)
	at org.apache.maven.surefire.booter.ForkedBooter.runSuitesInProcess(ForkedBooter.java:385)
	at org.apache.maven.surefire.booter.ForkedBooter.execute(ForkedBooter.java:162)
	at org.apache.maven.surefire.booter.ForkedBooter.run(ForkedBooter.java:507)
	at org.apache.maven.surefire.booter.ForkedBooter.main(ForkedBooter.java:495)

Jul 20, 2026 7:42:48 AM com.acme.modres.mbean.reservation.ReservationCheckerData setSelectedDate
WARNING: Failed to parse date: null
java.lang.NullPointerException: Cannot invoke "String.length()" because "text" is null
	at java.base/java.text.SimpleDateFormat.parse(SimpleDateFormat.java:1474)
	at java.base/java.text.DateFormat.parse(DateFormat.java:397)
	at com.acme.modres.mbean.reservation.ReservationCheckerData.setSelectedDate(ReservationCheckerData.java:32)
	at com.acme.modres.AvailabilityCheckerServlet.doGet(AvailabilityCheckerServlet.java:55)
	at com.acme.modres.AvailabilityCheckerServletTest.testDoGet_withNullDate_returns500(AvailabilityCheckerServletTest.java:79)
	at java.base/jdk.internal.reflect.NativeMethodAccessorImpl.invoke0(Native Method)
	at java.base/jdk.internal.reflect.NativeMethodAccessorImpl.invoke(NativeMethodAccessorImpl.java:77)
	at java.base/jdk.internal.reflect.DelegatingMethodAccessorImpl.invoke(DelegatingMethodAccessorImpl.java:43)
	at java.base/java.lang.reflect.Method.invoke(Method.java:569)
	at org.junit.platform.commons.util.ReflectionUtils.invokeMethod(ReflectionUtils.java:728)
	at org.junit.jupiter.engine.execution.MethodInvocation.proceed(MethodInvocation.java:60)
	at org.junit.jupiter.engine.execution.InvocationInterceptorChain$ValidatingInvocation.proceed(InvocationInterceptorChain.java:131)
	at org.junit.jupiter.engine.extension.TimeoutExtension.intercept(TimeoutExtension.java:156)
	at org.junit.jupiter.engine.extension.TimeoutExtension.interceptTestableMethod(TimeoutExtension.java:147)
	at org.junit.jupiter.engine.extension.TimeoutExtension.interceptTestMethod(TimeoutExtension.java:86)
	at org.junit.jupiter.engine.execution.InterceptingExecutableInvoker$ReflectiveInterceptorCall.lambda$ofVoidMethod$0(InterceptingExecutableInvoker.java:103)
	at org.junit.jupiter.engine.execution.InterceptingExecutableInvoker.lambda$invoke$0(InterceptingExecutableInvoker.java:93)
	at org.junit.jupiter.engine.execution.InvocationInterceptorChain$InterceptedInvocation.proceed(InvocationInterceptorChain.java:106)
	at org.junit.jupiter.engine.execution.InvocationInterceptorChain.proceed(InvocationInterceptorChain.java:64)
	at org.junit.jupiter.engine.execution.InvocationInterceptorChain.chainAndInvoke(InvocationInterceptorChain.java:45)
	at org.junit.jupiter.engine.execution.InvocationInterceptorChain.invoke(InvocationInterceptorChain.java:37)
	at org.junit.jupiter.engine.execution.InterceptingExecutableInvoker.invoke(InterceptingExecutableInvoker.java:92)
	at org.junit.jupiter.engine.execution.InterceptingExecutableInvoker.invoke(InterceptingExecutableInvoker.java:86)
	at org.junit.jupiter.engine.descriptor.TestMethodTestDescriptor.lambda$invokeTestMethod$7(TestMethodTestDescriptor.java:218)
	at org.junit.platform.engine.support.hierarchical.ThrowableCollector.execute(ThrowableCollector.java:73)
	at org.junit.jupiter.engine.descriptor.TestMethodTestDescriptor.invokeTestMethod(TestMethodTestDescriptor.java:214)
	at org.junit.jupiter.engine.descriptor.TestMethodTestDescriptor.execute(TestMethodTestDescriptor.java:139)
	at org.junit.jupiter.engine.descriptor.TestMethodTestDescriptor.execute(TestMethodTestDescriptor.java:69)
	at org.junit.platform.engine.support.hierarchical.NodeTestTask.lambda$executeRecursively$6(NodeTestTask.java:151)
	at org.junit.platform.engine.support.hierarchical.ThrowableCollector.execute(ThrowableCollector.java:73)
	at org.junit.platform.engine.support.hierarchical.NodeTestTask.lambda$executeRecursively$8(NodeTestTask.java:141)
	at org.junit.platform.engine.support.hierarchical.Node.around(Node.java:137)
	at org.junit.platform.engine.support.hierarchical.NodeTestTask.lambda$executeRecursively$9(NodeTestTask.java:139)
	at org.junit.platform.engine.support.hierarchical.ThrowableCollector.execute(ThrowableCollector.java:73)
	at org.junit.platform.engine.support.hierarchical.NodeTestTask.executeRecursively(NodeTestTask.java:138)
	at org.junit.platform.engine.support.hierarchical.NodeTestTask.execute(NodeTestTask.java:95)
	at java.base/java.util.ArrayList.forEach(ArrayList.java:1511)
	at org.junit.platform.engine.support.hierarchical.SameThreadHierarchicalTestExecutorService.invokeAll(SameThreadHierarchicalTestExecutorService.java:41)
	at org.junit.platform.engine.support.hierarchical.NodeTestTask.lambda$executeRecursively$6(NodeTestTask.java:155)
	at org.junit.platform.engine.support.hierarchical.ThrowableCollector.execute(ThrowableCollector.java:73)
	at org.junit.platform.engine.support.hierarchical.NodeTestTask.lambda$executeRecursively$8(NodeTestTask.java:141)
	at org.junit.platform.engine.support.hierarchical.Node.around(Node.java:137)
	at org.junit.platform.engine.support.hierarchical.NodeTestTask.lambda$executeRecursively$9(NodeTestTask.java:139)
	at org.junit.platform.engine.support.hierarchical.ThrowableCollector.execute(ThrowableCollector.java:73)
	at org.junit.platform.engine.support.hierarchical.NodeTestTask.executeRecursively(NodeTestTask.java:138)
	at org.junit.platform.engine.support.hierarchical.NodeTestTask.execute(NodeTestTask.java:95)
	at java.base/java.util.ArrayList.forEach(ArrayList.java:1511)
	at org.junit.platform.engine.support.hierarchical.SameThreadHierarchicalTestExecutorService.invokeAll(SameThreadHierarchicalTestExecutorService.java:41)
	at org.junit.platform.engine.support.hierarchical.NodeTestTask.lambda$executeRecursively$6(NodeTestTask.java:155)
	at org.junit.platform.engine.support.hierarchical.ThrowableCollector.execute(ThrowableCollector.java:73)
	at org.junit.platform.engine.support.hierarchical.NodeTestTask.lambda$executeRecursively$8(NodeTestTask.java:141)
	at org.junit.platform.engine.support.hierarchical.Node.around(Node.java:137)
	at org.junit.platform.engine.support.hierarchical.NodeTestTask.lambda$executeRecursively$9(NodeTestTask.java:139)
	at org.junit.platform.engine.support.hierarchical.ThrowableCollector.execute(ThrowableCollector.java:73)
	at org.junit.platform.engine.support.hierarchical.NodeTestTask.executeRecursively(NodeTestTask.java:138)
	at org.junit.platform.engine.support.hierarchical.NodeTestTask.execute(NodeTestTask.java:95)
	at org.junit.platform.engine.support.hierarchical.SameThreadHierarchicalTestExecutorService.submit(SameThreadHierarchicalTestExecutorService.java:35)
	at org.junit.platform.engine.support.hierarchical.HierarchicalTestExecutor.execute(HierarchicalTestExecutor.java:57)
	at org.junit.platform.engine.support.hierarchical.HierarchicalTestEngine.execute(HierarchicalTestEngine.java:54)
	at org.junit.platform.launcher.core.EngineExecutionOrchestrator.execute(EngineExecutionOrchestrator.java:198)
	at org.junit.platform.launcher.core.EngineExecutionOrchestrator.execute(EngineExecutionOrchestrator.java:169)
	at org.junit.platform.launcher.core.EngineExecutionOrchestrator.execute(EngineExecutionOrchestrator.java:93)
	at org.junit.platform.launcher.core.EngineExecutionOrchestrator.lambda$execute$0(EngineExecutionOrchestrator.java:58)
	at org.junit.platform.launcher.core.EngineExecutionOrchestrator.withInterceptedStreams(EngineExecutionOrchestrator.java:141)
	at org.junit.platform.launcher.core.EngineExecutionOrchestrator.execute(EngineExecutionOrchestrator.java:57)
	at org.junit.platform.launcher.core.DefaultLauncher.execute(DefaultLauncher.java:103)
	at org.junit.platform.launcher.core.DefaultLauncher.execute(DefaultLauncher.java:85)
	at org.junit.platform.launcher.core.DelegatingLauncher.execute(DelegatingLauncher.java:47)
	at org.apache.maven.surefire.junitplatform.LazyLauncher.execute(LazyLauncher.java:56)
	at org.apache.maven.surefire.junitplatform.JUnitPlatformProvider.execute(JUnitPlatformProvider.java:184)
	at org.apache.maven.surefire.junitplatform.JUnitPlatformProvider.invokeAllTests(JUnitPlatformProvider.java:148)
	at org.apache.maven.surefire.junitplatform.JUnitPlatformProvider.invoke(JUnitPlatformProvider.java:122)
	at org.apache.maven.surefire.booter.ForkedBooter.runSuitesInProcess(ForkedBooter.java:385)
	at org.apache.maven.surefire.booter.ForkedBooter.execute(ForkedBooter.java:162)
	at org.apache.maven.surefire.booter.ForkedBooter.run(ForkedBooter.java:507)
	at org.apache.maven.surefire.booter.ForkedBooter.main(ForkedBooter.java:495)

Jul 20, 2026 7:42:48 AM com.acme.modres.AvailabilityCheckerServlet exportRevervations
SEVERE: IO error during export
java.util.zip.ZipException: zip END header not found
	at java.base/java.util.zip.ZipFile$Source.findEND(ZipFile.java:1637)
	at java.base/java.util.zip.ZipFile$Source.initCEN(ZipFile.java:1645)
	at java.base/java.util.zip.ZipFile$Source.<init>(ZipFile.java:1483)
	at java.base/java.util.zip.ZipFile$Source.get(ZipFile.java:1445)
	at java.base/java.util.zip.ZipFile$CleanableResource.<init>(ZipFile.java:717)
	at java.base/java.util.zip.ZipFile.<init>(ZipFile.java:251)
	at java.base/java.util.zip.ZipFile.<init>(ZipFile.java:180)
	at java.base/java.util.zip.ZipFile.<init>(ZipFile.java:194)
	at com.acme.modres.util.ZipValidator.<init>(ZipValidator.java:18)
	at com.acme.modres.AvailabilityCheckerServlet.exportRevervations(AvailabilityCheckerServlet.java:123)
	at com.acme.modres.AvailabilityCheckerServletTest.testExportReservations_withValidDate(AvailabilityCheckerServletTest.java:96)
	at java.base/jdk.internal.reflect.NativeMethodAccessorImpl.invoke0(Native Method)
	at java.base/jdk.internal.reflect.NativeMethodAccessorImpl.invoke(NativeMethodAccessorImpl.java:77)
	at java.base/jdk.internal.reflect.DelegatingMethodAccessorImpl.invoke(DelegatingMethodAccessorImpl.java:43)
	at java.base/java.lang.reflect.Method.invoke(Method.java:569)
	at org.junit.platform.commons.util.ReflectionUtils.invokeMethod(ReflectionUtils.java:728)
	at org.junit.jupiter.engine.execution.MethodInvocation.proceed(MethodInvocation.java:60)
	at org.junit.jupiter.engine.execution.InvocationInterceptorChain$ValidatingInvocation.proceed(InvocationInterceptorChain.java:131)
	at org.junit.jupiter.engine.extension.TimeoutExtension.intercept(TimeoutExtension.java:156)
	at org.junit.jupiter.engine.extension.TimeoutExtension.interceptTestableMethod(TimeoutExtension.java:147)
	at org.junit.jupiter.engine.extension.TimeoutExtension.interceptTestMethod(TimeoutExtension.java:86)
	at org.junit.jupiter.engine.execution.InterceptingExecutableInvoker$ReflectiveInterceptorCall.lambda$ofVoidMethod$0(InterceptingExecutableInvoker.java:103)
	at org.junit.jupiter.engine.execution.InterceptingExecutableInvoker.lambda$invoke$0(InterceptingExecutableInvoker.java:93)
	at org.junit.jupiter.engine.execution.InvocationInterceptorChain$InterceptedInvocation.proceed(InvocationInterceptorChain.java:106)
	at org.junit.jupiter.engine.execution.InvocationInterceptorChain.proceed(InvocationInterceptorChain.java:64)
	at org.junit.jupiter.engine.execution.InvocationInterceptorChain.chainAndInvoke(InvocationInterceptorChain.java:45)
	at org.junit.jupiter.engine.execution.InvocationInterceptorChain.invoke(InvocationInterceptorChain.java:37)
	at org.junit.jupiter.engine.execution.InterceptingExecutableInvoker.invoke(InterceptingExecutableInvoker.java:92)
	at org.junit.jupiter.engine.execution.InterceptingExecutableInvoker.invoke(InterceptingExecutableInvoker.java:86)
	at org.junit.jupiter.engine.descriptor.TestMethodTestDescriptor.lambda$invokeTestMethod$7(TestMethodTestDescriptor.java:218)
	at org.junit.platform.engine.support.hierarchical.ThrowableCollector.execute(ThrowableCollector.java:73)
	at org.junit.jupiter.engine.descriptor.TestMethodTestDescriptor.invokeTestMethod(TestMethodTestDescriptor.java:214)
	at org.junit.jupiter.engine.descriptor.TestMethodTestDescriptor.execute(TestMethodTestDescriptor.java:139)
	at org.junit.jupiter.engine.descriptor.TestMethodTestDescriptor.execute(TestMethodTestDescriptor.java:69)
	at org.junit.platform.engine.support.hierarchical.NodeTestTask.lambda$executeRecursively$6(NodeTestTask.java:151)
	at org.junit.platform.engine.support.hierarchical.ThrowableCollector.execute(ThrowableCollector.java:73)
	at org.junit.platform.engine.support.hierarchical.NodeTestTask.lambda$executeRecursively$8(NodeTestTask.java:141)
	at org.junit.platform.engine.support.hierarchical.Node.around(Node.java:137)
	at org.junit.platform.engine.support.hierarchical.NodeTestTask.lambda$executeRecursively$9(NodeTestTask.java:139)
	at org.junit.platform.engine.support.hierarchical.ThrowableCollector.execute(ThrowableCollector.java:73)
	at org.junit.platform.engine.support.hierarchical.NodeTestTask.executeRecursively(NodeTestTask.java:138)
	at org.junit.platform.engine.support.hierarchical.NodeTestTask.execute(NodeTestTask.java:95)
	at java.base/java.util.ArrayList.forEach(ArrayList.java:1511)
	at org.junit.platform.engine.support.hierarchical.SameThreadHierarchicalTestExecutorService.invokeAll(SameThreadHierarchicalTestExecutorService.java:41)
	at org.junit.platform.engine.support.hierarchical.NodeTestTask.lambda$executeRecursively$6(NodeTestTask.java:155)
	at org.junit.platform.engine.support.hierarchical.ThrowableCollector.execute(ThrowableCollector.java:73)
	at org.junit.platform.engine.support.hierarchical.NodeTestTask.lambda$executeRecursively$8(NodeTestTask.java:141)
	at org.junit.platform.engine.support.hierarchical.Node.around(Node.java:137)
	at org.junit.platform.engine.support.hierarchical.NodeTestTask.lambda$executeRecursively$9(NodeTestTask.java:139)
	at org.junit.platform.engine.support.hierarchical.ThrowableCollector.execute(ThrowableCollector.java:73)
	at org.junit.platform.engine.support.hierarchical.NodeTestTask.executeRecursively(NodeTestTask.java:138)
	at org.junit.platform.engine.support.hierarchical.NodeTestTask.execute(NodeTestTask.java:95)
	at java.base/java.util.ArrayList.forEach(ArrayList.java:1511)
	at org.junit.platform.engine.support.hierarchical.SameThreadHierarchicalTestExecutorService.invokeAll(SameThreadHierarchicalTestExecutorService.java:41)
	at org.junit.platform.engine.support.hierarchical.NodeTestTask.lambda$executeRecursively$6(NodeTestTask.java:155)
	at org.junit.platform.engine.support.hierarchical.ThrowableCollector.execute(ThrowableCollector.java:73)
	at org.junit.platform.engine.support.hierarchical.NodeTestTask.lambda$executeRecursively$8(NodeTestTask.java:141)
	at org.junit.platform.engine.support.hierarchical.Node.around(Node.java:137)
	at org.junit.platform.engine.support.hierarchical.NodeTestTask.lambda$executeRecursively$9(NodeTestTask.java:139)
	at org.junit.platform.engine.support.hierarchical.ThrowableCollector.execute(ThrowableCollector.java:73)
	at org.junit.platform.engine.support.hierarchical.NodeTestTask.executeRecursively(NodeTestTask.java:138)
	at org.junit.platform.engine.support.hierarchical.NodeTestTask.execute(NodeTestTask.java:95)
	at org.junit.platform.engine.support.hierarchical.SameThreadHierarchicalTestExecutorService.submit(SameThreadHierarchicalTestExecutorService.java:35)
	at org.junit.platform.engine.support.hierarchical.HierarchicalTestExecutor.execute(HierarchicalTestExecutor.java:57)
	at org.junit.platform.engine.support.hierarchical.HierarchicalTestEngine.execute(HierarchicalTestEngine.java:54)
	at org.junit.platform.launcher.core.EngineExecutionOrchestrator.execute(EngineExecutionOrchestrator.java:198)
	at org.junit.platform.launcher.core.EngineExecutionOrchestrator.execute(EngineExecutionOrchestrator.java:169)
	at org.junit.platform.launcher.core.EngineExecutionOrchestrator.execute(EngineExecutionOrchestrator.java:93)
	at org.junit.platform.launcher.core.EngineExecutionOrchestrator.lambda$execute$0(EngineExecutionOrchestrator.java:58)
	at org.junit.platform.launcher.core.EngineExecutionOrchestrator.withInterceptedStreams(EngineExecutionOrchestrator.java:141)
	at org.junit.platform.launcher.core.EngineExecutionOrchestrator.execute(EngineExecutionOrchestrator.java:57)
	at org.junit.platform.launcher.core.DefaultLauncher.execute(DefaultLauncher.java:103)
	at org.junit.platform.launcher.core.DefaultLauncher.execute(DefaultLauncher.java:85)
	at org.junit.platform.launcher.core.DelegatingLauncher.execute(DelegatingLauncher.java:47)
	at org.apache.maven.surefire.junitplatform.LazyLauncher.execute(LazyLauncher.java:56)
	at org.apache.maven.surefire.junitplatform.JUnitPlatformProvider.execute(JUnitPlatformProvider.java:184)
	at org.apache.maven.surefire.junitplatform.JUnitPlatformProvider.invokeAllTests(JUnitPlatformProvider.java:148)
	at org.apache.maven.surefire.junitplatform.JUnitPlatformProvider.invoke(JUnitPlatformProvider.java:122)
	at org.apache.maven.surefire.booter.ForkedBooter.runSuitesInProcess(ForkedBooter.java:385)
	at org.apache.maven.surefire.booter.ForkedBooter.execute(ForkedBooter.java:162)
	at org.apache.maven.surefire.booter.ForkedBooter.run(ForkedBooter.java:507)
	at org.apache.maven.surefire.booter.ForkedBooter.main(ForkedBooter.java:495)

[INFO] Tests run: 10, Failures: 0, Errors: 0, Skipped: 0, Time elapsed: 0.038 s -- in com.acme.modres.AvailabilityCheckerServletTest
[INFO] Running com.acme.modres.LogoutServletTest
Jul 20, 2026 7:42:48 AM com.acme.modres.LogoutServlet doGet
INFO: User logged out successfully
Jul 20, 2026 7:42:48 AM com.acme.modres.LogoutServlet doGet
SEVERE: Error logging out
java.lang.IllegalStateException: Session already invalidated
	at com.acme.modres.LogoutServlet.doGet(LogoutServlet.java:27)
	at com.acme.modres.LogoutServletTest.testDoGet_handlesSessionInvalidationException(LogoutServletTest.java:69)
	at java.base/jdk.internal.reflect.NativeMethodAccessorImpl.invoke0(Native Method)
	at java.base/jdk.internal.reflect.NativeMethodAccessorImpl.invoke(NativeMethodAccessorImpl.java:77)
	at java.base/jdk.internal.reflect.DelegatingMethodAccessorImpl.invoke(DelegatingMethodAccessorImpl.java:43)
	at java.base/java.lang.reflect.Method.invoke(Method.java:569)
	at org.junit.platform.commons.util.ReflectionUtils.invokeMethod(ReflectionUtils.java:728)
	at org.junit.jupiter.engine.execution.MethodInvocation.proceed(MethodInvocation.java:60)
	at org.junit.jupiter.engine.execution.InvocationInterceptorChain$ValidatingInvocation.proceed(InvocationInterceptorChain.java:131)
	at org.junit.jupiter.engine.extension.TimeoutExtension.intercept(TimeoutExtension.java:156)
	at org.junit.jupiter.engine.extension.TimeoutExtension.interceptTestableMethod(TimeoutExtension.java:147)
	at org.junit.jupiter.engine.extension.TimeoutExtension.interceptTestMethod(TimeoutExtension.java:86)
	at org.junit.jupiter.engine.execution.InterceptingExecutableInvoker$ReflectiveInterceptorCall.lambda$ofVoidMethod$0(InterceptingExecutableInvoker.java:103)
	at org.junit.jupiter.engine.execution.InterceptingExecutableInvoker.lambda$invoke$0(InterceptingExecutableInvoker.java:93)
	at org.junit.jupiter.engine.execution.InvocationInterceptorChain$InterceptedInvocation.proceed(InvocationInterceptorChain.java:106)
	at org.junit.jupiter.engine.execution.InvocationInterceptorChain.proceed(InvocationInterceptorChain.java:64)
	at org.junit.jupiter.engine.execution.InvocationInterceptorChain.chainAndInvoke(InvocationInterceptorChain.java:45)
	at org.junit.jupiter.engine.execution.InvocationInterceptorChain.invoke(InvocationInterceptorChain.java:37)
	at org.junit.jupiter.engine.execution.InterceptingExecutableInvoker.invoke(InterceptingExecutableInvoker.java:92)
	at org.junit.jupiter.engine.execution.InterceptingExecutableInvoker.invoke(InterceptingExecutableInvoker.java:86)
	at org.junit.jupiter.engine.descriptor.TestMethodTestDescriptor.lambda$invokeTestMethod$7(TestMethodTestDescriptor.java:218)
	at org.junit.platform.engine.support.hierarchical.ThrowableCollector.execute(ThrowableCollector.java:73)
	at org.junit.jupiter.engine.descriptor.TestMethodTestDescriptor.invokeTestMethod(TestMethodTestDescriptor.java:214)
	at org.junit.jupiter.engine.descriptor.TestMethodTestDescriptor.execute(TestMethodTestDescriptor.java:139)
	at org.junit.jupiter.engine.descriptor.TestMethodTestDescriptor.execute(TestMethodTestDescriptor.java:69)
	at org.junit.platform.engine.support.hierarchical.NodeTestTask.lambda$executeRecursively$6(NodeTestTask.java:151)
	at org.junit.platform.engine.support.hierarchical.ThrowableCollector.execute(ThrowableCollector.java:73)
	at org.junit.platform.engine.support.hierarchical.NodeTestTask.lambda$executeRecursively$8(NodeTestTask.java:141)
	at org.junit.platform.engine.support.hierarchical.Node.around(Node.java:137)
	at org.junit.platform.engine.support.hierarchical.NodeTestTask.lambda$executeRecursively$9(NodeTestTask.java:139)
	at org.junit.platform.engine.support.hierarchical.ThrowableCollector.execute(ThrowableCollector.java:73)
	at org.junit.platform.engine.support.hierarchical.NodeTestTask.executeRecursively(NodeTestTask.java:138)
	at org.junit.platform.engine.support.hierarchical.NodeTestTask.execute(NodeTestTask.java:95)
	at java.base/java.util.ArrayList.forEach(ArrayList.java:1511)
	at org.junit.platform.engine.support.hierarchical.SameThreadHierarchicalTestExecutorService.invokeAll(SameThreadHierarchicalTestExecutorService.java:41)
	at org.junit.platform.engine.support.hierarchical.NodeTestTask.lambda$executeRecursively$6(NodeTestTask.java:155)
	at org.junit.platform.engine.support.hierarchical.ThrowableCollector.execute(ThrowableCollector.java:73)
	at org.junit.platform.engine.support.hierarchical.NodeTestTask.lambda$executeRecursively$8(NodeTestTask.java:141)
	at org.junit.platform.engine.support.hierarchical.Node.around(Node.java:137)
	at org.junit.platform.engine.support.hierarchical.NodeTestTask.lambda$executeRecursively$9(NodeTestTask.java:139)
	at org.junit.platform.engine.support.hierarchical.ThrowableCollector.execute(ThrowableCollector.java:73)
	at org.junit.platform.engine.support.hierarchical.NodeTestTask.executeRecursively(NodeTestTask.java:138)
	at org.junit.platform.engine.support.hierarchical.NodeTestTask.execute(NodeTestTask.java:95)
	at java.base/java.util.ArrayList.forEach(ArrayList.java:1511)
	at org.junit.platform.engine.support.hierarchical.SameThreadHierarchicalTestExecutorService.invokeAll(SameThreadHierarchicalTestExecutorService.java:41)
	at org.junit.platform.engine.support.hierarchical.NodeTestTask.lambda$executeRecursively$6(NodeTestTask.java:155)
	at org.junit.platform.engine.support.hierarchical.ThrowableCollector.execute(ThrowableCollector.java:73)
	at org.junit.platform.engine.support.hierarchical.NodeTestTask.lambda$executeRecursively$8(NodeTestTask.java:141)
	at org.junit.platform.engine.support.hierarchical.Node.around(Node.java:137)
	at org.junit.platform.engine.support.hierarchical.NodeTestTask.lambda$executeRecursively$9(NodeTestTask.java:139)
	at org.junit.platform.engine.support.hierarchical.ThrowableCollector.execute(ThrowableCollector.java:73)
	at org.junit.platform.engine.support.hierarchical.NodeTestTask.executeRecursively(NodeTestTask.java:138)
	at org.junit.platform.engine.support.hierarchical.NodeTestTask.execute(NodeTestTask.java:95)
	at org.junit.platform.engine.support.hierarchical.SameThreadHierarchicalTestExecutorService.submit(SameThreadHierarchicalTestExecutorService.java:35)
	at org.junit.platform.engine.support.hierarchical.HierarchicalTestExecutor.execute(HierarchicalTestExecutor.java:57)
	at org.junit.platform.engine.support.hierarchical.HierarchicalTestEngine.execute(HierarchicalTestEngine.java:54)
	at org.junit.platform.launcher.core.EngineExecutionOrchestrator.execute(EngineExecutionOrchestrator.java:198)
	at org.junit.platform.launcher.core.EngineExecutionOrchestrator.execute(EngineExecutionOrchestrator.java:169)
	at org.junit.platform.launcher.core.EngineExecutionOrchestrator.execute(EngineExecutionOrchestrator.java:93)
	at org.junit.platform.launcher.core.EngineExecutionOrchestrator.lambda$execute$0(EngineExecutionOrchestrator.java:58)
	at org.junit.platform.launcher.core.EngineExecutionOrchestrator.withInterceptedStreams(EngineExecutionOrchestrator.java:141)
	at org.junit.platform.launcher.core.EngineExecutionOrchestrator.execute(EngineExecutionOrchestrator.java:57)
	at org.junit.platform.launcher.core.DefaultLauncher.execute(DefaultLauncher.java:103)
	at org.junit.platform.launcher.core.DefaultLauncher.execute(DefaultLauncher.java:85)
	at org.junit.platform.launcher.core.DelegatingLauncher.execute(DelegatingLauncher.java:47)
	at org.apache.maven.surefire.junitplatform.LazyLauncher.execute(LazyLauncher.java:56)
	at org.apache.maven.surefire.junitplatform.JUnitPlatformProvider.execute(JUnitPlatformProvider.java:184)
	at org.apache.maven.surefire.junitplatform.JUnitPlatformProvider.invokeAllTests(JUnitPlatformProvider.java:148)
	at org.apache.maven.surefire.junitplatform.JUnitPlatformProvider.invoke(JUnitPlatformProvider.java:122)
	at org.apache.maven.surefire.booter.ForkedBooter.runSuitesInProcess(ForkedBooter.java:385)
	at org.apache.maven.surefire.booter.ForkedBooter.execute(ForkedBooter.java:162)
	at org.apache.maven.surefire.booter.ForkedBooter.run(ForkedBooter.java:507)
	at org.apache.maven.surefire.booter.ForkedBooter.main(ForkedBooter.java:495)

Jul 20, 2026 7:42:48 AM com.acme.modres.LogoutServlet doGet
INFO: User logged out successfully
Jul 20, 2026 7:42:48 AM com.acme.modres.LogoutServlet doGet
INFO: User logged out successfully
Jul 20, 2026 7:42:48 AM com.acme.modres.LogoutServlet doGet
INFO: User logged out successfully
Jul 20, 2026 7:42:48 AM com.acme.modres.LogoutServlet doGet
INFO: User logged out successfully
Jul 20, 2026 7:42:48 AM com.acme.modres.LogoutServlet doGet
INFO: User logged out successfully
[INFO] Tests run: 7, Failures: 0, Errors: 0, Skipped: 0, Time elapsed: 0.057 s -- in com.acme.modres.LogoutServletTest
[INFO] Running com.acme.modres.FirstFilterTest
[INFO] Tests run: 9, Failures: 0, Errors: 0, Skipped: 0, Time elapsed: 0.020 s -- in com.acme.modres.FirstFilterTest
[INFO] Running com.acme.modres.WelcomeServletTest
[INFO] Tests run: 5, Failures: 0, Errors: 0, Skipped: 0, Time elapsed: 0.007 s -- in com.acme.modres.WelcomeServletTest
[INFO] Running com.acme.modres.util.JsonInputStreamTest
Jul 20, 2026 7:42:48 AM com.acme.modres.util.JsonInputStream parseJsonAs
SEVERE: Error parsing JSON
java.lang.NullPointerException
	at java.base/java.util.Objects.requireNonNull(Objects.java:209)
	at com.google.gson.reflect.TypeToken.<init>(TypeToken.java:80)
	at com.google.gson.reflect.TypeToken.get(TypeToken.java:321)
	at com.google.gson.Gson.fromJson(Gson.java:1075)
	at com.acme.modres.util.JsonInputStream.parseJsonAs(JsonInputStream.java:34)
	at com.acme.modres.util.JsonInputStreamTest.lambda$testParseJsonAs_withNullClass$3(JsonInputStreamTest.java:63)
	at org.junit.jupiter.api.AssertDoesNotThrow.assertDoesNotThrow(AssertDoesNotThrow.java:49)
	at org.junit.jupiter.api.AssertDoesNotThrow.assertDoesNotThrow(AssertDoesNotThrow.java:36)
	at org.junit.jupiter.api.Assertions.assertDoesNotThrow(Assertions.java:3164)
	at com.acme.modres.util.JsonInputStreamTest.testParseJsonAs_withNullClass(JsonInputStreamTest.java:62)
	at java.base/jdk.internal.reflect.NativeMethodAccessorImpl.invoke0(Native Method)
	at java.base/jdk.internal.reflect.NativeMethodAccessorImpl.invoke(NativeMethodAccessorImpl.java:77)
	at java.base/jdk.internal.reflect.DelegatingMethodAccessorImpl.invoke(DelegatingMethodAccessorImpl.java:43)
	at java.base/java.lang.reflect.Method.invoke(Method.java:569)
	at org.junit.platform.commons.util.ReflectionUtils.invokeMethod(ReflectionUtils.java:728)
	at org.junit.jupiter.engine.execution.MethodInvocation.proceed(MethodInvocation.java:60)
	at org.junit.jupiter.engine.execution.InvocationInterceptorChain$ValidatingInvocation.proceed(InvocationInterceptorChain.java:131)
	at org.junit.jupiter.engine.extension.TimeoutExtension.intercept(TimeoutExtension.java:156)
	at org.junit.jupiter.engine.extension.TimeoutExtension.interceptTestableMethod(TimeoutExtension.java:147)
	at org.junit.jupiter.engine.extension.TimeoutExtension.interceptTestMethod(TimeoutExtension.java:86)
	at org.junit.jupiter.engine.execution.InterceptingExecutableInvoker$ReflectiveInterceptorCall.lambda$ofVoidMethod$0(InterceptingExecutableInvoker.java:103)
	at org.junit.jupiter.engine.execution.InterceptingExecutableInvoker.lambda$invoke$0(InterceptingExecutableInvoker.java:93)
	at org.junit.jupiter.engine.execution.InvocationInterceptorChain$InterceptedInvocation.proceed(InvocationInterceptorChain.java:106)
	at org.junit.jupiter.engine.execution.InvocationInterceptorChain.proceed(InvocationInterceptorChain.java:64)
	at org.junit.jupiter.engine.execution.InvocationInterceptorChain.chainAndInvoke(InvocationInterceptorChain.java:45)
	at org.junit.jupiter.engine.execution.InvocationInterceptorChain.invoke(InvocationInterceptorChain.java:37)
	at org.junit.jupiter.engine.execution.InterceptingExecutableInvoker.invoke(InterceptingExecutableInvoker.java:92)
	at org.junit.jupiter.engine.execution.InterceptingExecutableInvoker.invoke(InterceptingExecutableInvoker.java:86)
	at org.junit.jupiter.engine.descriptor.TestMethodTestDescriptor.lambda$invokeTestMethod$7(TestMethodTestDescriptor.java:218)
	at org.junit.platform.engine.support.hierarchical.ThrowableCollector.execute(ThrowableCollector.java:73)
	at org.junit.jupiter.engine.descriptor.TestMethodTestDescriptor.invokeTestMethod(TestMethodTestDescriptor.java:214)
	at org.junit.jupiter.engine.descriptor.TestMethodTestDescriptor.execute(TestMethodTestDescriptor.java:139)
	at org.junit.jupiter.engine.descriptor.TestMethodTestDescriptor.execute(TestMethodTestDescriptor.java:69)
	at org.junit.platform.engine.support.hierarchical.NodeTestTask.lambda$executeRecursively$6(NodeTestTask.java:151)
	at org.junit.platform.engine.support.hierarchical.ThrowableCollector.execute(ThrowableCollector.java:73)
	at org.junit.platform.engine.support.hierarchical.NodeTestTask.lambda$executeRecursively$8(NodeTestTask.java:141)
	at org.junit.platform.engine.support.hierarchical.Node.around(Node.java:137)
	at org.junit.platform.engine.support.hierarchical.NodeTestTask.lambda$executeRecursively$9(NodeTestTask.java:139)
	at org.junit.platform.engine.support.hierarchical.ThrowableCollector.execute(ThrowableCollector.java:73)
	at org.junit.platform.engine.support.hierarchical.NodeTestTask.executeRecursively(NodeTestTask.java:138)
	at org.junit.platform.engine.support.hierarchical.NodeTestTask.execute(NodeTestTask.java:95)
	at java.base/java.util.ArrayList.forEach(ArrayList.java:1511)
	at org.junit.platform.engine.support.hierarchical.SameThreadHierarchicalTestExecutorService.invokeAll(SameThreadHierarchicalTestExecutorService.java:41)
	at org.junit.platform.engine.support.hierarchical.NodeTestTask.lambda$executeRecursively$6(NodeTestTask.java:155)
	at org.junit.platform.engine.support.hierarchical.ThrowableCollector.execute(ThrowableCollector.java:73)
	at org.junit.platform.engine.support.hierarchical.NodeTestTask.lambda$executeRecursively$8(NodeTestTask.java:141)
	at org.junit.platform.engine.support.hierarchical.Node.around(Node.java:137)
	at org.junit.platform.engine.support.hierarchical.NodeTestTask.lambda$executeRecursively$9(NodeTestTask.java:139)
	at org.junit.platform.engine.support.hierarchical.ThrowableCollector.execute(ThrowableCollector.java:73)
	at org.junit.platform.engine.support.hierarchical.NodeTestTask.executeRecursively(NodeTestTask.java:138)
	at org.junit.platform.engine.support.hierarchical.NodeTestTask.execute(NodeTestTask.java:95)
	at java.base/java.util.ArrayList.forEach(ArrayList.java:1511)
	at org.junit.platform.engine.support.hierarchical.SameThreadHierarchicalTestExecutorService.invokeAll(SameThreadHierarchicalTestExecutorService.java:41)
	at org.junit.platform.engine.support.hierarchical.NodeTestTask.lambda$executeRecursively$6(NodeTestTask.java:155)
	at org.junit.platform.engine.support.hierarchical.ThrowableCollector.execute(ThrowableCollector.java:73)
	at org.junit.platform.engine.support.hierarchical.NodeTestTask.lambda$executeRecursively$8(NodeTestTask.java:141)
	at org.junit.platform.engine.support.hierarchical.Node.around(Node.java:137)
	at org.junit.platform.engine.support.hierarchical.NodeTestTask.lambda$executeRecursively$9(NodeTestTask.java:139)
	at org.junit.platform.engine.support.hierarchical.ThrowableCollector.execute(ThrowableCollector.java:73)
	at org.junit.platform.engine.support.hierarchical.NodeTestTask.executeRecursively(NodeTestTask.java:138)
	at org.junit.platform.engine.support.hierarchical.NodeTestTask.execute(NodeTestTask.java:95)
	at org.junit.platform.engine.support.hierarchical.SameThreadHierarchicalTestExecutorService.submit(SameThreadHierarchicalTestExecutorService.java:35)
	at org.junit.platform.engine.support.hierarchical.HierarchicalTestExecutor.execute(HierarchicalTestExecutor.java:57)
	at org.junit.platform.engine.support.hierarchical.HierarchicalTestEngine.execute(HierarchicalTestEngine.java:54)
	at org.junit.platform.launcher.core.EngineExecutionOrchestrator.execute(EngineExecutionOrchestrator.java:198)
	at org.junit.platform.launcher.core.EngineExecutionOrchestrator.execute(EngineExecutionOrchestrator.java:169)
	at org.junit.platform.launcher.core.EngineExecutionOrchestrator.execute(EngineExecutionOrchestrator.java:93)
	at org.junit.platform.launcher.core.EngineExecutionOrchestrator.lambda$execute$0(EngineExecutionOrchestrator.java:58)
	at org.junit.platform.launcher.core.EngineExecutionOrchestrator.withInterceptedStreams(EngineExecutionOrchestrator.java:141)
	at org.junit.platform.launcher.core.EngineExecutionOrchestrator.execute(EngineExecutionOrchestrator.java:57)
	at org.junit.platform.launcher.core.DefaultLauncher.execute(DefaultLauncher.java:103)
	at org.junit.platform.launcher.core.DefaultLauncher.execute(DefaultLauncher.java:85)
	at org.junit.platform.launcher.core.DelegatingLauncher.execute(DelegatingLauncher.java:47)
	at org.apache.maven.surefire.junitplatform.LazyLauncher.execute(LazyLauncher.java:56)
	at org.apache.maven.surefire.junitplatform.JUnitPlatformProvider.execute(JUnitPlatformProvider.java:184)
	at org.apache.maven.surefire.junitplatform.JUnitPlatformProvider.invokeAllTests(JUnitPlatformProvider.java:148)
	at org.apache.maven.surefire.junitplatform.JUnitPlatformProvider.invoke(JUnitPlatformProvider.java:122)
	at org.apache.maven.surefire.booter.ForkedBooter.runSuitesInProcess(ForkedBooter.java:385)
	at org.apache.maven.surefire.booter.ForkedBooter.execute(ForkedBooter.java:162)
	at org.apache.maven.surefire.booter.ForkedBooter.run(ForkedBooter.java:507)
	at org.apache.maven.surefire.booter.ForkedBooter.main(ForkedBooter.java:495)

[INFO] Tests run: 9, Failures: 0, Errors: 0, Skipped: 0, Time elapsed: 0.009 s -- in com.acme.modres.util.JsonInputStreamTest
[INFO] Running com.acme.modres.util.ZipValidatorTest
[ERROR] Tests run: 9, Failures: 2, Errors: 0, Skipped: 0, Time elapsed: 0.028 s <<< FAILURE! -- in com.acme.modres.util.ZipValidatorTest
[ERROR] com.acme.modres.util.ZipValidatorTest.testIsValid_withMultipleEntries -- Time elapsed: 0.004 s <<< FAILURE!
org.opentest4j.AssertionFailedError: expected: <true> but was: <false>
	at org.junit.jupiter.api.AssertionFailureBuilder.build(AssertionFailureBuilder.java:151)
	at org.junit.jupiter.api.AssertionFailureBuilder.buildAndThrow(AssertionFailureBuilder.java:132)
	at org.junit.jupiter.api.AssertTrue.failNotTrue(AssertTrue.java:63)
	at org.junit.jupiter.api.AssertTrue.assertTrue(AssertTrue.java:36)
	at org.junit.jupiter.api.AssertTrue.assertTrue(AssertTrue.java:31)
	at org.junit.jupiter.api.Assertions.assertTrue(Assertions.java:179)
	at com.acme.modres.util.ZipValidatorTest.testIsValid_withMultipleEntries(ZipValidatorTest.java:96)
	at java.base/java.lang.reflect.Method.invoke(Method.java:569)
	at java.base/java.util.ArrayList.forEach(ArrayList.java:1511)
	at java.base/java.util.ArrayList.forEach(ArrayList.java:1511)

[ERROR] com.acme.modres.util.ZipValidatorTest.testIsValid_withValidZipFile -- Time elapsed: 0.001 s <<< FAILURE!
org.opentest4j.AssertionFailedError: expected: <true> but was: <false>
	at org.junit.jupiter.api.AssertionFailureBuilder.build(AssertionFailureBuilder.java:151)
	at org.junit.jupiter.api.AssertionFailureBuilder.buildAndThrow(AssertionFailureBuilder.java:132)
	at org.junit.jupiter.api.AssertTrue.failNotTrue(AssertTrue.java:63)
	at org.junit.jupiter.api.AssertTrue.assertTrue(AssertTrue.java:36)
	at org.junit.jupiter.api.AssertTrue.assertTrue(AssertTrue.java:31)
	at org.junit.jupiter.api.Assertions.assertTrue(Assertions.java:179)
	at com.acme.modres.util.ZipValidatorTest.testIsValid_withValidZipFile(ZipValidatorTest.java:56)
	at java.base/java.lang.reflect.Method.invoke(Method.java:569)
	at java.base/java.util.ArrayList.forEach(ArrayList.java:1511)
	at java.base/java.util.ArrayList.forEach(ArrayList.java:1511)

[INFO] 
[INFO] Results:
[INFO] 
[ERROR] Failures: 
[ERROR]   WeatherServletTest.testInit:45 Unexpected exception thrown: java.lang.IllegalArgumentException: Argument impact can only be one of ACTION, ACTION_INFO, INFO, or UNKNOWN given value is :10
[ERROR]   ModResortsCustomerInformationTest.testGetCustomerInformation_handlesNullDataSource:59 Unexpected exception thrown: java.lang.NullPointerException: Cannot invoke "javax.sql.DataSource.getConnection()" because "<local2>.dataSource" is null
[ERROR]   DateCheckerTest.testRun_callsGetSelectedDate:118 
Wanted but not invoked:
data.getSelectedDate();
-> at com.acme.modres.mbean.reservation.ReservationCheckerData.getSelectedDate(ReservationCheckerData.java:27)

However, there were exactly 2 interactions with this mock:
data.getReservationList();
-> at com.acme.modres.mbean.reservation.DateChecker.<init>(DateChecker.java:20)

data.setAvailablility(true);
-> at com.acme.modres.mbean.reservation.DateChecker.run(DateChecker.java:39)


[ERROR]   ZipValidatorTest.testIsValid_withMultipleEntries:96 expected: <true> but was: <false>
[ERROR]   ZipValidatorTest.testIsValid_withValidZipFile:56 expected: <true> but was: <false>
[ERROR] Errors: 
[ERROR]   DefaultWeatherDataTest.testGetDefaultWeatherData_forBarcelona:75 » IO Resource not found: data/barcelona.json
[ERROR]   DefaultWeatherDataTest.testGetDefaultWeatherData_forCork:68 » IO Resource not found: data/cork.json
[ERROR]   DefaultWeatherDataTest.testGetDefaultWeatherData_forLasVegas:47 » IO Resource not found: data/nv.json
[ERROR]   DefaultWeatherDataTest.testGetDefaultWeatherData_forMiami:61 » IO Resource not found: data/miami.json
[ERROR]   DefaultWeatherDataTest.testGetDefaultWeatherData_forParis:40 » IO Resource not found: data/paris.json
[ERROR]   DefaultWeatherDataTest.testGetDefaultWeatherData_forSanFrancisco:54 » IO Resource not found: data/sanfran.json
[ERROR]   DefaultWeatherDataTest.testGetDefaultWeatherData_returnsNonEmptyString:99 » IO Resource not found: data/paris.json
[ERROR]   WeatherServletTest.testDestroy:50 » IllegalArgument Argument impact can only be one of ACTION, ACTION_INFO, INFO, or UNKNOWN given value is :10
[ERROR]   WeatherServletTest.testDoGet_setsJsonContentType:138 » IllegalArgument Argument impact can only be one of ACTION, ACTION_INFO, INFO, or UNKNOWN given value is :10
[ERROR]   WeatherServletTest.testDoGet_withBarcelona:118 » IllegalArgument Argument impact can only be one of ACTION, ACTION_INFO, INFO, or UNKNOWN given value is :10
[ERROR]   WeatherServletTest.testDoGet_withCork:108 » IllegalArgument Argument impact can only be one of ACTION, ACTION_INFO, INFO, or UNKNOWN given value is :10
[ERROR]   WeatherServletTest.testDoGet_withLasVegas:78 » IllegalArgument Argument impact can only be one of ACTION, ACTION_INFO, INFO, or UNKNOWN given value is :10
[ERROR]   WeatherServletTest.testDoGet_withMiami:98 » IllegalArgument Argument impact can only be one of ACTION, ACTION_INFO, INFO, or UNKNOWN given value is :10
[ERROR]   WeatherServletTest.testDoGet_withNullCity:148 » IllegalArgument Argument impact can only be one of ACTION, ACTION_INFO, INFO, or UNKNOWN given value is :10
[ERROR]   WeatherServletTest.testDoGet_withParis:68 » IllegalArgument Argument impact can only be one of ACTION, ACTION_INFO, INFO, or UNKNOWN given value is :10
[ERROR]   WeatherServletTest.testDoGet_withSanFrancisco:88 » IllegalArgument Argument impact can only be one of ACTION, ACTION_INFO, INFO, or UNKNOWN given value is :10
[ERROR]   WeatherServletTest.testDoGet_withValidCity:58 » IllegalArgument Argument impact can only be one of ACTION, ACTION_INFO, INFO, or UNKNOWN given value is :10
[ERROR]   WeatherServletTest.testDoPost_callsDoGet:128 » IllegalArgument Argument impact can only be one of ACTION, ACTION_INFO, INFO, or UNKNOWN given value is :10
[ERROR]   ModResortsCustomerInformationTest.testGetCustomerInformation_emptyResultWhenNoDataSource:73 » NullPointer Cannot invoke "javax.sql.DataSource.getConnection()" because "<local2>.dataSource" is null
[ERROR]   ModResortsCustomerInformationTest.testGetCustomerInformation_returnsArrayList:51 » NullPointer Cannot invoke "javax.sql.DataSource.getConnection()" because "<local2>.dataSource" is null
[ERROR]   ModResortsCustomerInformationTest.testGetCustomerInformation_returnsNonNullList:66 » NullPointer Cannot invoke "javax.sql.DataSource.getConnection()" because "<local2>.dataSource" is null
[ERROR]   ModResortsCustomerInformationTest.testGetCustomerInformation_withNullDataSource_returnsEmptyList:43 » NullPointer Cannot invoke "javax.sql.DataSource.getConnection()" because "<local2>.dataSource" is null
[ERROR]   AppInfoTest.setUp:21 » IllegalArgument Argument impact can only be one of ACTION, ACTION_INFO, INFO, or UNKNOWN given value is :10
[ERROR]   AppInfoTest.setUp:21 » IllegalArgument Argument impact can only be one of ACTION, ACTION_INFO, INFO, or UNKNOWN given value is :10
[ERROR]   AppInfoTest.setUp:21 » IllegalArgument Argument impact can only be one of ACTION, ACTION_INFO, INFO, or UNKNOWN given value is :10
[ERROR]   AppInfoTest.setUp:21 » IllegalArgument Argument impact can only be one of ACTION, ACTION_INFO, INFO, or UNKNOWN given value is :10
[ERROR]   AppInfoTest.setUp:21 » IllegalArgument Argument impact can only be one of ACTION, ACTION_INFO, INFO, or UNKNOWN given value is :10
[ERROR]   AppInfoTest.setUp:21 » IllegalArgument Argument impact can only be one of ACTION, ACTION_INFO, INFO, or UNKNOWN given value is :10
[ERROR]   AppInfoTest.setUp:21 » IllegalArgument Argument impact can only be one of ACTION, ACTION_INFO, INFO, or UNKNOWN given value is :10
[ERROR]   AppInfoTest.setUp:21 » IllegalArgument Argument impact can only be one of ACTION, ACTION_INFO, INFO, or UNKNOWN given value is :10
[ERROR]   AppInfoTest.setUp:21 » IllegalArgument Argument impact can only be one of ACTION, ACTION_INFO, INFO, or UNKNOWN given value is :10
[ERROR]   AppInfoTest.setUp:21 » IllegalArgument Argument impact can only be one of ACTION, ACTION_INFO, INFO, or UNKNOWN given value is :10
[ERROR]   AppInfoTest.setUp:21 » IllegalArgument Argument impact can only be one of ACTION, ACTION_INFO, INFO, or UNKNOWN given value is :10
[ERROR]   AppInfoTest.setUp:21 » IllegalArgument Argument impact can only be one of ACTION, ACTION_INFO, INFO, or UNKNOWN given value is :10
[ERROR]   AppInfoTest.setUp:21 » IllegalArgument Argument impact can only be one of ACTION, ACTION_INFO, INFO, or UNKNOWN given value is :10
[ERROR]   AppInfoTest.setUp:21 » IllegalArgument Argument impact can only be one of ACTION, ACTION_INFO, INFO, or UNKNOWN given value is :10
[ERROR]   AppInfoTest.setUp:21 » IllegalArgument Argument impact can only be one of ACTION, ACTION_INFO, INFO, or UNKNOWN given value is :10
[ERROR]   IOUtilsTest.testGetFileFromRelativePath_withEmptyPath:27 » IllegalArgument Prefix string "" too short: length must be at least 3
[ERROR]   IOUtilsTest.testGetFileFromRelativePath_withNullPath:15 » NullPointer
[ERROR]   CustomPermissionTest.testConstructor_withEmptyName:31 » IllegalArgument name can't be empty
[INFO] 
[ERROR] Tests run: 262, Failures: 5, Errors: 40, Skipped: 0
[INFO] 
[INFO] ------------------------------------------------------------------------
[INFO] BUILD FAILURE
[INFO] ------------------------------------------------------------------------
[INFO] Total time:  6.247 s
[INFO] Finished at: 2026-07-20T07:42:48Z
[INFO] ------------------------------------------------------------------------
[ERROR] Failed to execute goal org.apache.maven.plugins:maven-surefire-plugin:3.2.2:test (default-test) on project modresorts: There are test failures.
[ERROR] 
[ERROR] Please refer to /modernize-data/studio-data/TNT1001/APP370681/transformed-code/22/studio-workspace/Backendservice01/target/surefire-reports for the individual test results.
[ERROR] Please refer to dump files (if any exist) [date].dump, [date]-jvmRun[N].dump and [date].dumpstream.
[ERROR] -> [Help 1]
[ERROR] 
[ERROR] To see the full stack trace of the errors, re-run Maven with the -e switch.
[ERROR] Re-run Maven using the -X switch to enable full debug logging.
[ERROR] 
[ERROR] For more information about the errors and possible solutions, please read the following articles:
[ERROR] [Help 1] http://cwiki.apache.org/confluence/display/MAVEN/MojoFailureException
